Archive member included to satisfy reference by file (symbol)

/Applications/STM32CubeIDE.app/Contents/Eclipse/plugins/com.st.stm32cube.ide.mcu.externaltools.gnu-tools-for-stm32.9-2020-q2-update.macos64_2.0.0.202105311346/tools/bin/../lib/gcc/arm-none-eabi/9.3.1/../../../../arm-none-eabi/lib/thumb/v7-m/nofp/libc_nano.a(lib_a-errno.o)
                              ./Src/syscalls.o (__errno)
/Applications/STM32CubeIDE.app/Contents/Eclipse/plugins/com.st.stm32cube.ide.mcu.externaltools.gnu-tools-for-stm32.9-2020-q2-update.macos64_2.0.0.202105311346/tools/bin/../lib/gcc/arm-none-eabi/9.3.1/../../../../arm-none-eabi/lib/thumb/v7-m/nofp/libc_nano.a(lib_a-exit.o)
                              /Applications/STM32CubeIDE.app/Contents/Eclipse/plugins/com.st.stm32cube.ide.mcu.externaltools.gnu-tools-for-stm32.9-2020-q2-update.macos64_2.0.0.202105311346/tools/bin/../lib/gcc/arm-none-eabi/9.3.1/../../../../arm-none-eabi/lib/thumb/v7-m/nofp/crt0.o (exit)
/Applications/STM32CubeIDE.app/Contents/Eclipse/plugins/com.st.stm32cube.ide.mcu.externaltools.gnu-tools-for-stm32.9-2020-q2-update.macos64_2.0.0.202105311346/tools/bin/../lib/gcc/arm-none-eabi/9.3.1/../../../../arm-none-eabi/lib/thumb/v7-m/nofp/libc_nano.a(lib_a-fflush.o)
                              ./Src/main.o (fflush)
/Applications/STM32CubeIDE.app/Contents/Eclipse/plugins/com.st.stm32cube.ide.mcu.externaltools.gnu-tools-for-stm32.9-2020-q2-update.macos64_2.0.0.202105311346/tools/bin/../lib/gcc/arm-none-eabi/9.3.1/../../../../arm-none-eabi/lib/thumb/v7-m/nofp/libc_nano.a(lib_a-findfp.o)
                              /Applications/STM32CubeIDE.app/Contents/Eclipse/plugins/com.st.stm32cube.ide.mcu.externaltools.gnu-tools-for-stm32.9-2020-q2-update.macos64_2.0.0.202105311346/tools/bin/../lib/gcc/arm-none-eabi/9.3.1/../../../../arm-none-eabi/lib/thumb/v7-m/nofp/libc_nano.a(lib_a-fflush.o) (__sinit)
/Applications/STM32CubeIDE.app/Contents/Eclipse/plugins/com.st.stm32cube.ide.mcu.externaltools.gnu-tools-for-stm32.9-2020-q2-update.macos64_2.0.0.202105311346/tools/bin/../lib/gcc/arm-none-eabi/9.3.1/../../../../arm-none-eabi/lib/thumb/v7-m/nofp/libc_nano.a(lib_a-fwalk.o)
                              /Applications/STM32CubeIDE.app/Contents/Eclipse/plugins/com.st.stm32cube.ide.mcu.externaltools.gnu-tools-for-stm32.9-2020-q2-update.macos64_2.0.0.202105311346/tools/bin/../lib/gcc/arm-none-eabi/9.3.1/../../../../arm-none-eabi/lib/thumb/v7-m/nofp/libc_nano.a(lib_a-findfp.o) (_fwalk)
/Applications/STM32CubeIDE.app/Contents/Eclipse/plugins/com.st.stm32cube.ide.mcu.externaltools.gnu-tools-for-stm32.9-2020-q2-update.macos64_2.0.0.202105311346/tools/bin/../lib/gcc/arm-none-eabi/9.3.1/../../../../arm-none-eabi/lib/thumb/v7-m/nofp/libc_nano.a(lib_a-impure.o)
                              /Applications/STM32CubeIDE.app/Contents/Eclipse/plugins/com.st.stm32cube.ide.mcu.externaltools.gnu-tools-for-stm32.9-2020-q2-update.macos64_2.0.0.202105311346/tools/bin/../lib/gcc/arm-none-eabi/9.3.1/../../../../arm-none-eabi/lib/thumb/v7-m/nofp/libc_nano.a(lib_a-exit.o) (_global_impure_ptr)
/Applications/STM32CubeIDE.app/Contents/Eclipse/plugins/com.st.stm32cube.ide.mcu.externaltools.gnu-tools-for-stm32.9-2020-q2-update.macos64_2.0.0.202105311346/tools/bin/../lib/gcc/arm-none-eabi/9.3.1/../../../../arm-none-eabi/lib/thumb/v7-m/nofp/libc_nano.a(lib_a-init.o)
                              /Applications/STM32CubeIDE.app/Contents/Eclipse/plugins/com.st.stm32cube.ide.mcu.externaltools.gnu-tools-for-stm32.9-2020-q2-update.macos64_2.0.0.202105311346/tools/bin/../lib/gcc/arm-none-eabi/9.3.1/../../../../arm-none-eabi/lib/thumb/v7-m/nofp/crt0.o (__libc_init_array)
/Applications/STM32CubeIDE.app/Contents/Eclipse/plugins/com.st.stm32cube.ide.mcu.externaltools.gnu-tools-for-stm32.9-2020-q2-update.macos64_2.0.0.202105311346/tools/bin/../lib/gcc/arm-none-eabi/9.3.1/../../../../arm-none-eabi/lib/thumb/v7-m/nofp/libc_nano.a(lib_a-lock.o)
                              /Applications/STM32CubeIDE.app/Contents/Eclipse/plugins/com.st.stm32cube.ide.mcu.externaltools.gnu-tools-for-stm32.9-2020-q2-update.macos64_2.0.0.202105311346/tools/bin/../lib/gcc/arm-none-eabi/9.3.1/../../../../arm-none-eabi/lib/thumb/v7-m/nofp/libc_nano.a(lib_a-findfp.o) (__retarget_lock_init_recursive)
/Applications/STM32CubeIDE.app/Contents/Eclipse/plugins/com.st.stm32cube.ide.mcu.externaltools.gnu-tools-for-stm32.9-2020-q2-update.macos64_2.0.0.202105311346/tools/bin/../lib/gcc/arm-none-eabi/9.3.1/../../../../arm-none-eabi/lib/thumb/v7-m/nofp/libc_nano.a(lib_a-memcpy-stub.o)
                              ./Middlewares/Third_Party/FreeRTOS/Source/queue.o (memcpy)
/Applications/STM32CubeIDE.app/Contents/Eclipse/plugins/com.st.stm32cube.ide.mcu.externaltools.gnu-tools-for-stm32.9-2020-q2-update.macos64_2.0.0.202105311346/tools/bin/../lib/gcc/arm-none-eabi/9.3.1/../../../../arm-none-eabi/lib/thumb/v7-m/nofp/libc_nano.a(lib_a-memset.o)
[...]
Memory Configuration

Name             Origin             Length             Attributes
RAM              0x0000000020000000 0x0000000000005000 xrw
FLASH            0x0000000008000000 0x0000000000020000 xr
*default*        0x0000000000000000 0xffffffffffffffff

Linker script and memory map

LOAD /Applications/STM32CubeIDE.app/Contents/Eclipse/plugins/com.st.stm32cube.ide.mcu.externaltools.gnu-tools-for-stm32.9-2020-q2-update.macos64_2.0.0.202105311346/tools/bin/../lib/gcc/arm-none-eabi/9.3.1/thumb/v7-m/nofp/crti.o
LOAD /Applications/STM32CubeIDE.app/Contents/Eclipse/plugins/com.st.stm32cube.ide.mcu.externaltools.gnu-tools-for-stm32.9-2020-q2-update.macos64_2.0.0.202105311346/tools/bin/../lib/gcc/arm-none-eabi/9.3.1/thumb/v7-m/nofp/crtbegin.o
LOAD /Applications/STM32CubeIDE.app/Contents/Eclipse/plugins/com.st.stm32cube.ide.mcu.externaltools.gnu-tools-for-stm32.9-2020-q2-update.macos64_2.0.0.202105311346/tools/bin/../lib/gcc/arm-none-eabi/9.3.1/../../../../arm-none-eabi/lib/thumb/v7-m/nofp/crt0.o
LOAD ./Drivers/STM32F1xx_HAL_Driver/Src/stm32f1xx_hal.o
LOAD ./Drivers/STM32F1xx_HAL_Driver/Src/stm32f1xx_hal_cortex.o
LOAD ./Drivers/STM32F1xx_HAL_Driver/Src/stm32f1xx_hal_dma.o
LOAD ./Drivers/STM32F1xx_HAL_Driver/Src/stm32f1xx_hal_exti.o
LOAD ./Drivers/STM32F1xx_HAL_Driver/Src/stm32f1xx_hal_flash.o
LOAD ./Drivers/STM32F1xx_HAL_Driver/Src/stm32f1xx_hal_flash_ex.o
LOAD ./Drivers/STM32F1xx_HAL_Driver/Src/stm32f1xx_hal_gpio.o
LOAD ./Drivers/STM32F1xx_HAL_Driver/Src/stm32f1xx_hal_gpio_ex.o
LOAD ./Drivers/STM32F1xx_HAL_Driver/Src/stm32f1xx_hal_pwr.o
LOAD ./Drivers/STM32F1xx_HAL_Driver/Src/stm32f1xx_hal_rcc.o
LOAD ./Drivers/STM32F1xx_HAL_Driver/Src/stm32f1xx_hal_rcc_ex.o
LOAD ./Drivers/STM32F1xx_HAL_Driver/Src/stm32f1xx_hal_tim.o
LOAD ./Drivers/STM32F1xx_HAL_Driver/Src/stm32f1xx_hal_tim_ex.o
LOAD ./Drivers/STM32F1xx_HAL_Driver/Src/stm32f1xx_hal_uart.o
LOAD ./Middlewares/Third_Party/FreeRTOS/Source/CMSIS_RTOS/cmsis_os.o
LOAD ./Middlewares/Third_Party/FreeRTOS/Source/croutine.o
LOAD ./Middlewares/Third_Party/FreeRTOS/Source/event_groups.o
LOAD ./Middlewares/Third_Party/FreeRTOS/Source/list.o
LOAD ./Middlewares/Third_Party/FreeRTOS/Source/queue.o
LOAD ./Middlewares/Third_Party/FreeRTOS/Source/stream_buffer.o
LOAD ./Middlewares/Third_Party/FreeRTOS/Source/tasks.o
LOAD ./Middlewares/Third_Party/FreeRTOS/Source/timers.o
LOAD ./Middlewares/Third_Party/FreeRTOS/Source/portable/GCC/ARM_CM3/port.o
LOAD ./Middlewares/Third_Party/FreeRTOS/Source/portable/MemMang/heap_4.o
LOAD ./Src/main.o
LOAD ./Src/random.o
LOAD ./Src/stm32f1xx_hal_msp.o
LOAD ./Src/stm32f1xx_it.o
LOAD ./Src/syscalls.o
LOAD ./Src/sysmem.o
LOAD ./Src/system_stm32f1xx.o
LOAD ./Src/task.o
LOAD ./Startup/startup_stm32f103rbtx.o
START GROUP
LOAD /Applications/STM32CubeIDE.app/Contents/Eclipse/plugins/com.st.stm32cube.ide.mcu.externaltools.gnu-tools-for-stm32.9-2020-q2-update.macos64_2.0.0.202105311346/tools/bin/../lib/gcc/arm-none-eabi/9.3.1/../../../../arm-none-eabi/lib/thumb/v7-m/nofp/libc_nano.a
LOAD /Applications/STM32CubeIDE.app/Contents/Eclipse/plugins/com.st.stm32cube.ide.mcu.externaltools.gnu-tools-for-stm32.9-2020-q2-update.macos64_2.0.0.202105311346/tools/bin/../lib/gcc/arm-none-eabi/9.3.1/../../../../arm-none-eabi/lib/thumb/v7-m/nofp/libm.a
END GROUP
START GROUP
LOAD /Applications/STM32CubeIDE.app/Contents/Eclipse/plugins/com.st.stm32cube.ide.mcu.externaltools.gnu-tools-for-stm32.9-2020-q2-update.macos64_2.0.0.202105311346/tools/bin/../lib/gcc/arm-none-eabi/9.3.1/thumb/v7-m/nofp/libgcc.a
LOAD /Applications/STM32CubeIDE.app/Contents/Eclipse/plugins/com.st.stm32cube.ide.mcu.externaltools.gnu-tools-for-stm32.9-2020-q2-update.macos64_2.0.0.202105311346/tools/bin/../lib/gcc/arm-none-eabi/9.3.1/../../../../arm-none-eabi/lib/thumb/v7-m/nofp/libc_nano.a
END GROUP
START GROUP
LOAD /Applications/STM32CubeIDE.app/Contents/Eclipse/plugins/com.st.stm32cube.ide.mcu.externaltools.gnu-tools-for-stm32.9-2020-q2-update.macos64_2.0.0.202105311346/tools/bin/../lib/gcc/arm-none-eabi/9.3.1/thumb/v7-m/nofp/libgcc.a
LOAD /Applications/STM32CubeIDE.app/Contents/Eclipse/plugins/com.st.stm32cube.ide.mcu.externaltools.gnu-tools-for-stm32.9-2020-q2-update.macos64_2.0.0.202105311346/tools/bin/../lib/gcc/arm-none-eabi/9.3.1/../../../../arm-none-eabi/lib/thumb/v7-m/nofp/libc_nano.a
LOAD /Applications/STM32CubeIDE.app/Contents/Eclipse/plugins/com.st.stm32cube.ide.mcu.externaltools.gnu-tools-for-stm32.9-2020-q2-update.macos64_2.0.0.202105311346/tools/bin/../lib/gcc/arm-none-eabi/9.3.1/../../../../arm-none-eabi/lib/thumb/v7-m/nofp/libnosys.a
END GROUP
START GROUP
LOAD /Applications/STM32CubeIDE.app/Contents/Eclipse/plugins/com.st.stm32cube.ide.mcu.externaltools.gnu-tools-for-stm32.9-2020-q2-update.macos64_2.0.0.202105311346/tools/bin/../lib/gcc/arm-none-eabi/9.3.1/thumb/v7-m/nofp/libgcc.a
LOAD /Applications/STM32CubeIDE.app/Contents/Eclipse/plugins/com.st.stm32cube.ide.mcu.externaltools.gnu-tools-for-stm32.9-2020-q2-update.macos64_2.0.0.202105311346/tools/bin/../lib/gcc/arm-none-eabi/9.3.1/../../../../arm-none-eabi/lib/thumb/v7-m/nofp/libc_nano.a
LOAD /Applications/STM32CubeIDE.app/Contents/Eclipse/plugins/com.st.stm32cube.ide.mcu.externaltools.gnu-tools-for-stm32.9-2020-q2-update.macos64_2.0.0.202105311346/tools/bin/../lib/gcc/arm-none-eabi/9.3.1/../../../../arm-none-eabi/lib/thumb/v7-m/nofp/libnosys.a
END GROUP
LOAD /Applications/STM32CubeIDE.app/Contents/Eclipse/plugins/com.st.stm32cube.ide.mcu.externaltools.gnu-tools-for-stm32.9-2020-q2-update.macos64_2.0.0.202105311346/tools/bin/../lib/gcc/arm-none-eabi/9.3.1/thumb/v7-m/nofp/crtend.o
LOAD /Applications/STM32CubeIDE.app/Contents/Eclipse/plugins/com.st.stm32cube.ide.mcu.externaltools.gnu-tools-for-stm32.9-2020-q2-update.macos64_2.0.0.202105311346/tools/bin/../lib/gcc/arm-none-eabi/9.3.1/thumb/v7-m/nofp/crtn.o
                0x0000000020005000                _estack = 0x20005000
                0x0000000000000200                _Min_Heap_Size = 0x200
                0x0000000000000400                _Min_Stack_Size = 0x400

.isr_vector     0x0000000008000000      0x10c
                0x0000000008000000                . = ALIGN (0x4)
 *(.isr_vector)
 .isr_vector    0x0000000008000000      0x10c ./Startup/startup_stm32f103rbtx.o
                0x0000000008000000                g_pfnVectors
                0x000000000800010c                . = ALIGN (0x4)

.text           0x0000000008000110     0x3e78
                0x0000000008000110                . = ALIGN (0x4)
 *(.text)
 .text          0x0000000008000110       0x40 /Applications/STM32CubeIDE.app/Contents/Eclipse/plugins/com.st.stm32cube.ide.mcu.externaltools.gnu-tools-for-stm32.9-2020-q2-update.macos64_2.0.0.202105311346/tools/bin/../lib/gcc/arm-none-eabi/9.3.1/thumb/v7-m/nofp/crtbegin.o
 .text          0x0000000008000150       0x34 ./Src/random.o
                0x0000000008000150                randomnumber
                0x0000000008000172                seedrand
 *(.text*)
 .text.HAL_Init
                0x0000000008000184       0x2c ./Drivers/STM32F1xx_HAL_Driver/Src/stm32f1xx_hal.o
                0x0000000008000184                HAL_Init
 .text.HAL_InitTick
                0x00000000080001b0       0x60 ./Drivers/STM32F1xx_HAL_Driver/Src/stm32f1xx_hal.o
                0x00000000080001b0                HAL_InitTick
 .text.HAL_IncTick
                0x0000000008000210       0x24 ./Drivers/STM32F1xx_HAL_Driver/Src/stm32f1xx_hal.o
                0x0000000008000210                HAL_IncTick
 .text.HAL_GetTick
                0x0000000008000234       0x14 ./Drivers/STM32F1xx_HAL_Driver/Src/stm32f1xx_hal.o
                0x0000000008000234                HAL_GetTick
 .text.__NVIC_SetPriorityGrouping
                0x0000000008000248       0x48 ./Drivers/STM32F1xx_HAL_Driver/Src/stm32f1xx_hal_cortex.o
 .text.__NVIC_GetPriorityGrouping
                0x0000000008000290       0x1c ./Drivers/STM32F1xx_HAL_Driver/Src/stm32f1xx_hal_cortex.o
 .text.__NVIC_EnableIRQ
                0x00000000080002ac       0x38 ./Drivers/STM32F1xx_HAL_Driver/Src/stm32f1xx_hal_cortex.o
 .text.__NVIC_SetPriority
                0x00000000080002e4       0x54 ./Drivers/STM32F1xx_HAL_Driver/Src/stm32f1xx_hal_cortex.o
 .text.NVIC_EncodePriority
                0x0000000008000338       0x64 ./Drivers/STM32F1xx_HAL_Driver/Src/stm32f1xx_hal_cortex.o
 .text.SysTick_Config
                0x000000000800039c       0x44 ./Drivers/STM32F1xx_HAL_Driver/Src/stm32f1xx_hal_cortex.o
 .text.HAL_NVIC_SetPriorityGrouping
                0x00000000080003e0       0x16 ./Drivers/STM32F1xx_HAL_Driver/Src/stm32f1xx_hal_cortex.o
                0x00000000080003e0                HAL_NVIC_SetPriorityGrouping
 .text.HAL_NVIC_SetPriority
                0x00000000080003f6       0x38 ./Drivers/STM32F1xx_HAL_Driver/Src/stm32f1xx_hal_cortex.o
                0x00000000080003f6                HAL_NVIC_SetPriority
 .text.HAL_NVIC_EnableIRQ
                0x000000000800042e       0x1c ./Drivers/STM32F1xx_HAL_Driver/Src/stm32f1xx_hal_cortex.o
                0x000000000800042e                HAL_NVIC_EnableIRQ
 .text.HAL_SYSTICK_Config
                0x000000000800044a       0x18 ./Drivers/STM32F1xx_HAL_Driver/Src/stm32f1xx_hal_cortex.o
                0x000000000800044a                HAL_SYSTICK_Config
 *fill*         0x0000000008000462        0x2 
 .text.HAL_GPIO_Init
                0x0000000008000464      0x308 ./Drivers/STM32F1xx_HAL_Driver/Src/stm32f1xx_hal_gpio.o
                0x0000000008000464                HAL_GPIO_Init
 .text.HAL_GPIO_WritePin
                0x000000000800076c       0x30 ./Drivers/STM32F1xx_HAL_Driver/Src/stm32f1xx_hal_gpio.o
                0x000000000800076c                HAL_GPIO_WritePin
 .text.HAL_GPIO_EXTI_IRQHandler
                0x000000000800079c       0x30 ./Drivers/STM32F1xx_HAL_Driver/Src/stm32f1xx_hal_gpio.o
                0x000000000800079c                HAL_GPIO_EXTI_IRQHandler
 .text.HAL_GPIO_EXTI_Callback
                0x00000000080007cc       0x14 ./Drivers/STM32F1xx_HAL_Driver/Src/stm32f1xx_hal_gpio.o
                0x00000000080007cc                HAL_GPIO_EXTI_Callback
 .text.HAL_RCC_OscConfig
                0x00000000080007e0      0x500 ./Drivers/STM32F1xx_HAL_Driver/Src/stm32f1xx_hal_rcc.o
                0x00000000080007e0                HAL_RCC_OscConfig
 .text.HAL_RCC_ClockConfig
                0x0000000008000ce0      0x1d4 ./Drivers/STM32F1xx_HAL_Driver/Src/stm32f1xx_hal_rcc.o
                0x0000000008000ce0                HAL_RCC_ClockConfig
 .text.HAL_RCC_GetSysClockFreq
                0x0000000008000eb4       0xc0 ./Drivers/STM32F1xx_HAL_Driver/Src/stm32f1xx_hal_rcc.o
                0x0000000008000eb4                HAL_RCC_GetSysClockFreq
 .text.HAL_RCC_GetHCLKFreq
                0x0000000008000f74       0x14 ./Drivers/STM32F1xx_HAL_Driver/Src/stm32f1xx_hal_rcc.o
                0x0000000008000f74                HAL_RCC_GetHCLKFreq
 .text.HAL_RCC_GetPCLK1Freq
                0x0000000008000f88       0x28 ./Drivers/STM32F1xx_HAL_Driver/Src/stm32f1xx_hal_rcc.o
                0x0000000008000f88                HAL_RCC_GetPCLK1Freq
 .text.HAL_RCC_GetPCLK2Freq
                0x0000000008000fb0       0x28 ./Drivers/STM32F1xx_HAL_Driver/Src/stm32f1xx_hal_rcc.o
                0x0000000008000fb0                HAL_RCC_GetPCLK2Freq
 .text.RCC_Delay
                0x0000000008000fd8       0x3c ./Drivers/STM32F1xx_HAL_Driver/Src/stm32f1xx_hal_rcc.o
 .text.HAL_UART_Init
                0x0000000008001014       0x9a ./Drivers/STM32F1xx_HAL_Driver/Src/stm32f1xx_hal_uart.o
                0x0000000008001014                HAL_UART_Init
 .text.HAL_UART_Transmit
                0x00000000080010ae      0x124 ./Drivers/STM32F1xx_HAL_Driver/Src/stm32f1xx_hal_uart.o
                0x00000000080010ae                HAL_UART_Transmit
 .text.UART_WaitOnFlagUntilTimeout
                0x00000000080011d2       0x94 ./Drivers/STM32F1xx_HAL_Driver/Src/stm32f1xx_hal_uart.o
 *fill*         0x0000000008001266        0x2 
 .text.UART_SetConfig
                0x0000000008001268      0x11c ./Drivers/STM32F1xx_HAL_Driver/Src/stm32f1xx_hal_uart.o
 .text.osKernelStart
                0x0000000008001384        0xe ./Middlewares/Third_Party/FreeRTOS/Source/CMSIS_RTOS/cmsis_os.o
                0x0000000008001384                osKernelStart
 .text.vListInitialise
                0x0000000008001392       0x3e ./Middlewares/Third_Party/FreeRTOS/Source/list.o
                0x0000000008001392                vListInitialise
 .text.vListInitialiseItem
                0x00000000080013d0       0x18 ./Middlewares/Third_Party/FreeRTOS/Source/list.o
                0x00000000080013d0                vListInitialiseItem
 .text.vListInsertEnd
                0x00000000080013e8       0x46 ./Middlewares/Third_Party/FreeRTOS/Source/list.o
                0x00000000080013e8                vListInsertEnd
 .text.vListInsert
                0x000000000800142e       0x70 ./Middlewares/Third_Party/FreeRTOS/Source/list.o
                0x000000000800142e                vListInsert
 .text.uxListRemove
                0x000000000800149e       0x52 ./Middlewares/Third_Party/FreeRTOS/Source/list.o
                0x000000000800149e                uxListRemove
 .text.xTaskCreate
                0x00000000080014f0       0x82 ./Middlewares/Third_Party/FreeRTOS/Source/tasks.o
                0x00000000080014f0                xTaskCreate
 *fill*         0x0000000008001572        0x2 
 .text.prvInitialiseNewTask
                0x0000000008001574       0xf8 ./Middlewares/Third_Party/FreeRTOS/Source/tasks.o
 .text.prvAddNewTaskToReadyList
                0x000000000800166c       0xd4 ./Middlewares/Third_Party/FreeRTOS/Source/tasks.o
 .text.vTaskDelete
                0x0000000008001740      0x118 ./Middlewares/Third_Party/FreeRTOS/Source/tasks.o
                0x0000000008001740                vTaskDelete
 .text.vTaskDelay
                0x0000000008001858       0x60 ./Middlewares/Third_Party/FreeRTOS/Source/tasks.o
                0x0000000008001858                vTaskDelay
 .text.vTaskStartScheduler
                0x00000000080018b8       0x88 ./Middlewares/Third_Party/FreeRTOS/Source/tasks.o
                0x00000000080018b8                vTaskStartScheduler
 .text.vTaskSuspendAll
                0x0000000008001940       0x1c ./Middlewares/Third_Party/FreeRTOS/Source/tasks.o
                0x0000000008001940                vTaskSuspendAll
 .text.xTaskResumeAll
                0x000000000800195c      0x130 ./Middlewares/Third_Party/FreeRTOS/Source/tasks.o
                0x000000000800195c                xTaskResumeAll
 .text.xTaskIncrementTick
                0x0000000008001a8c      0x174 ./Middlewares/Third_Party/FreeRTOS/Source/tasks.o
                0x0000000008001a8c                xTaskIncrementTick
 .text.vTaskSwitchContext
                0x0000000008001c00       0xac ./Middlewares/Third_Party/FreeRTOS/Source/tasks.o
                0x0000000008001c00                vTaskSwitchContext
 .text.prvIdleTask
                0x0000000008001cac       0x30 ./Middlewares/Third_Party/FreeRTOS/Source/tasks.o
 .text.prvInitialiseTaskLists
                0x0000000008001cdc       0x80 ./Middlewares/Third_Party/FreeRTOS/Source/tasks.o
 .text.prvCheckTasksWaitingTermination
                0x0000000008001d5c       0x5c ./Middlewares/Third_Party/FreeRTOS/Source/tasks.o
 .text.prvDeleteTCB
                0x0000000008001db8       0x20 ./Middlewares/Third_Party/FreeRTOS/Source/tasks.o
 .text.prvResetNextTaskUnblockTime
                0x0000000008001dd8       0x48 ./Middlewares/Third_Party/FreeRTOS/Source/tasks.o
 .text.xTaskGetSchedulerState
                0x0000000008001e20       0x3c ./Middlewares/Third_Party/FreeRTOS/Source/tasks.o
                0x0000000008001e20                xTaskGetSchedulerState
 .text.prvAddCurrentTaskToDelayedList
                0x0000000008001e5c       0xcc ./Middlewares/Third_Party/FreeRTOS/Source/tasks.o
 .text.pxPortInitialiseStack
                0x0000000008001f28       0x58 ./Middlewares/Third_Party/FreeRTOS/Source/portable/GCC/ARM_CM3/port.o
                0x0000000008001f28                pxPortInitialiseStack
 .text.prvTaskExitError
                0x0000000008001f80       0x4c ./Middlewares/Third_Party/FreeRTOS/Source/portable/GCC/ARM_CM3/port.o
 *fill*         0x0000000008001fcc        0x4 
 .text.SVC_Handler
                0x0000000008001fd0       0x28 ./Middlewares/Third_Party/FreeRTOS/Source/portable/GCC/ARM_CM3/port.o
                0x0000000008001fd0                SVC_Handler
 .text.prvPortStartFirstTask
                0x0000000008001ff8       0x20 ./Middlewares/Third_Party/FreeRTOS/Source/portable/GCC/ARM_CM3/port.o
 .text.xPortStartScheduler
                0x0000000008002018       0xdc ./Middlewares/Third_Party/FreeRTOS/Source/portable/GCC/ARM_CM3/port.o
                0x0000000008002018                xPortStartScheduler
 .text.vPortEnterCritical
                0x00000000080020f4       0x54 ./Middlewares/Third_Party/FreeRTOS/Source/portable/GCC/ARM_CM3/port.o
                0x00000000080020f4                vPortEnterCritical
 .text.vPortExitCritical
                0x0000000008002148       0x48 ./Middlewares/Third_Party/FreeRTOS/Source/portable/GCC/ARM_CM3/port.o
                0x0000000008002148                vPortExitCritical
 .text.PendSV_Handler
                0x0000000008002190       0x48 ./Middlewares/Third_Party/FreeRTOS/Source/portable/GCC/ARM_CM3/port.o
                0x0000000008002190                PendSV_Handler
 .text.xPortSysTickHandler
                0x00000000080021d8       0x44 ./Middlewares/Third_Party/FreeRTOS/Source/portable/GCC/ARM_CM3/port.o
                0x00000000080021d8                xPortSysTickHandler
 .text.vPortSetupTimerInterrupt
                0x000000000800221c       0x44 ./Middlewares/Third_Party/FreeRTOS/Source/portable/GCC/ARM_CM3/port.o
                0x000000000800221c                vPortSetupTimerInterrupt
 .text.pvPortMalloc
                0x0000000008002260      0x164 ./Middlewares/Third_Party/FreeRTOS/Source/portable/MemMang/heap_4.o
                0x0000000008002260                pvPortMalloc
 .text.vPortFree
                0x00000000080023c4       0xa0 ./Middlewares/Third_Party/FreeRTOS/Source/portable/MemMang/heap_4.o
                0x00000000080023c4                vPortFree
 .text.prvHeapInit
                0x0000000008002464       0xc4 ./Middlewares/Third_Party/FreeRTOS/Source/portable/MemMang/heap_4.o
 .text.prvInsertBlockIntoFreeList
                0x0000000008002528       0xb0 ./Middlewares/Third_Party/FreeRTOS/Source/portable/MemMang/heap_4.o
 .text.__io_putchar
                0x00000000080025d8       0x3c ./Src/main.o
                0x00000000080025d8                __io_putchar
 .text.main     0x0000000008002614       0x3c ./Src/main.o
                0x0000000008002614                main
 .text.SystemClock_Config
                0x0000000008002650       0x82 ./Src/main.o
                0x0000000008002650                SystemClock_Config
 *fill*         0x00000000080026d2        0x2 
 .text.MX_USART2_UART_Init
                0x00000000080026d4       0x54 ./Src/main.o
 .text.MX_GPIO_Init
                0x0000000008002728       0xdc ./Src/main.o
 .text.OSVersion
                0x0000000008002804       0x14 ./Src/main.o
                0x0000000008002804                OSVersion
 .text.freertos_IntroTitle
                0x0000000008002818       0xec ./Src/main.o
                0x0000000008002818                freertos_IntroTitle
 .text.vAssertCalled
                0x0000000008002904       0x30 ./Src/main.o
                0x0000000008002904                vAssertCalled
 .text.Error_Handler
                0x0000000008002934        0xc ./Src/main.o
                0x0000000008002934                Error_Handler
 .text.HAL_MspInit
                0x0000000008002940       0x70 ./Src/stm32f1xx_hal_msp.o
                0x0000000008002940                HAL_MspInit
 .text.HAL_UART_MspInit
                0x00000000080029b0       0x7c ./Src/stm32f1xx_hal_msp.o
                0x00000000080029b0                HAL_UART_MspInit
 .text.NMI_Handler
                0x0000000008002a2c        0xc ./Src/stm32f1xx_it.o
                0x0000000008002a2c                NMI_Handler
 .text.HardFault_Handler
                0x0000000008002a38        0x6 ./Src/stm32f1xx_it.o
                0x0000000008002a38                HardFault_Handler
 .text.MemManage_Handler
                0x0000000008002a3e        0x6 ./Src/stm32f1xx_it.o
                0x0000000008002a3e                MemManage_Handler
 .text.BusFault_Handler
                0x0000000008002a44        0x6 ./Src/stm32f1xx_it.o
                0x0000000008002a44                BusFault_Handler
 .text.UsageFault_Handler
                0x0000000008002a4a        0x6 ./Src/stm32f1xx_it.o
                0x0000000008002a4a                UsageFault_Handler
 .text.DebugMon_Handler
                0x0000000008002a50        0xc ./Src/stm32f1xx_it.o
                0x0000000008002a50                DebugMon_Handler
 .text.SysTick_Handler
                0x0000000008002a5c       0x1a ./Src/stm32f1xx_it.o
                0x0000000008002a5c                SysTick_Handler
 .text.EXTI15_10_IRQHandler
                0x0000000008002a76       0x10 ./Src/stm32f1xx_it.o
                0x0000000008002a76                EXTI15_10_IRQHandler
 .text._read    0x0000000008002a86       0x3a ./Src/syscalls.o
                0x0000000008002a86                _read
 .text._write   0x0000000008002ac0       0x38 ./Src/syscalls.o
                0x0000000008002ac0                _write
 .text._close   0x0000000008002af8       0x16 ./Src/syscalls.o
                0x0000000008002af8                _close
 .text._fstat   0x0000000008002b0e       0x1e ./Src/syscalls.o
                0x0000000008002b0e                _fstat
 .text._isatty  0x0000000008002b2c       0x14 ./Src/syscalls.o
                0x0000000008002b2c                _isatty
 .text._lseek   0x0000000008002b40       0x18 ./Src/syscalls.o
                0x0000000008002b40                _lseek
 .text._sbrk    0x0000000008002b58       0x58 ./Src/sysmem.o
                0x0000000008002b58                _sbrk
 .text.SystemInit
                0x0000000008002bb0        0xc ./Src/system_stm32f1xx.o
                0x0000000008002bb0                SystemInit
 .text.USER_THREADS
                0x0000000008002bbc       0x30 ./Src/task.o
                0x0000000008002bbc                USER_THREADS
 .text.TaskMain
                0x0000000008002bec       0xa4 ./Src/task.o
                0x0000000008002bec                TaskMain
 .text.Task1    0x0000000008002c90       0xdc ./Src/task.o
                0x0000000008002c90                Task1
 .text.Task2    0x0000000008002d6c      0x160 ./Src/task.o
                0x0000000008002d6c                Task2
 .text.buyTicket
                0x0000000008002ecc       0x20 ./Src/task.o
                0x0000000008002ecc                buyTicket
 .text.Reset_Handler
                0x0000000008002eec       0x48 ./Startup/startup_stm32f103rbtx.o
                0x0000000008002eec                Reset_Handler
 .text.Default_Handler
                0x0000000008002f34        0x2 ./Startup/startup_stm32f103rbtx.o
                0x0000000008002f34                USBWakeUp_IRQHandler
                0x0000000008002f34                EXTI2_IRQHandler
                0x0000000008002f34                TIM1_CC_IRQHandler
                0x0000000008002f34                PVD_IRQHandler
                0x0000000008002f34                EXTI3_IRQHandler
                0x0000000008002f34                EXTI0_IRQHandler
                0x0000000008002f34                I2C2_EV_IRQHandler
                0x0000000008002f34                ADC1_2_IRQHandler
                0x0000000008002f34                SPI1_IRQHandler
                0x0000000008002f34                TAMPER_IRQHandler
                0x0000000008002f34                DMA1_Channel4_IRQHandler
                0x0000000008002f34                USART3_IRQHandler
                0x0000000008002f34                RTC_IRQHandler
                0x0000000008002f34                DMA1_Channel7_IRQHandler
                0x0000000008002f34                CAN1_RX1_IRQHandler
                0x0000000008002f34                TIM4_IRQHandler
                0x0000000008002f34                I2C1_EV_IRQHandler
                0x0000000008002f34                DMA1_Channel6_IRQHandler
                0x0000000008002f34                TIM3_IRQHandler
                0x0000000008002f34                RCC_IRQHandler
                0x0000000008002f34                TIM1_TRG_COM_IRQHandler
                0x0000000008002f34                DMA1_Channel1_IRQHandler
                0x0000000008002f34                Default_Handler
                0x0000000008002f34                EXTI9_5_IRQHandler
                0x0000000008002f34                SPI2_IRQHandler
                0x0000000008002f34                DMA1_Channel5_IRQHandler
                0x0000000008002f34                EXTI4_IRQHandler
                0x0000000008002f34                USB_LP_CAN1_RX0_IRQHandler
                0x0000000008002f34                USB_HP_CAN1_TX_IRQHandler
                0x0000000008002f34                DMA1_Channel3_IRQHandler
                0x0000000008002f34                TIM1_UP_IRQHandler
                0x0000000008002f34                WWDG_IRQHandler
                0x0000000008002f34                TIM2_IRQHandler
                0x0000000008002f34                TIM1_BRK_IRQHandler
                0x0000000008002f34                EXTI1_IRQHandler
                0x0000000008002f34                USART2_IRQHandler
                0x0000000008002f34                I2C2_ER_IRQHandler
                0x0000000008002f34                DMA1_Channel2_IRQHandler
                0x0000000008002f34                CAN1_SCE_IRQHandler
                0x0000000008002f34                FLASH_IRQHandler
                0x0000000008002f34                USART1_IRQHandler
                0x0000000008002f34                I2C1_ER_IRQHandler
                0x0000000008002f34                RTC_Alarm_IRQHandler
 *fill*         0x0000000008002f36        0x2 
 .text.__errno  0x0000000008002f38        0xc /Applications/STM32CubeIDE.app/Contents/Eclipse/plugins/com.st.stm32cube.ide.mcu.externaltools.gnu-tools-for-stm32.9-2020-q2-update.macos64_2.0.0.202105311346/tools/bin/../lib/gcc/arm-none-eabi/9.3.1/../../../../arm-none-eabi/lib/thumb/v7-m/nofp/libc_nano.a(lib_a-errno.o)
                0x0000000008002f38                __errno
 .text.__sflush_r
                0x0000000008002f44      0x10c /Applications/STM32CubeIDE.app/Contents/Eclipse/plugins/com.st.stm32cube.ide.mcu.externaltools.gnu-tools-for-stm32.9-2020-q2-update.macos64_2.0.0.202105311346/tools/bin/../lib/gcc/arm-none-eabi/9.3.1/../../../../arm-none-eabi/lib/thumb/v7-m/nofp/libc_nano.a(lib_a-fflush.o)
                0x0000000008002f44                __sflush_r
 .text._fflush_r
                0x0000000008003050       0x78 /Applications/STM32CubeIDE.app/Contents/Eclipse/plugins/com.st.stm32cube.ide.mcu.externaltools.gnu-tools-for-stm32.9-2020-q2-update.macos64_2.0.0.202105311346/tools/bin/../lib/gcc/arm-none-eabi/9.3.1/../../../../arm-none-eabi/lib/thumb/v7-m/nofp/libc_nano.a(lib_a-fflush.o)
                0x0000000008003050                _fflush_r
 .text.fflush   0x00000000080030c8       0x24 /Applications/STM32CubeIDE.app/Contents/Eclipse/plugins/com.st.stm32cube.ide.mcu.externaltools.gnu-tools-for-stm32.9-2020-q2-update.macos64_2.0.0.202105311346/tools/bin/../lib/gcc/arm-none-eabi/9.3.1/../../../../arm-none-eabi/lib/thumb/v7-m/nofp/libc_nano.a(lib_a-fflush.o)
                0x00000000080030c8                fflush
 .text.std      0x00000000080030ec       0x48 /Applications/STM32CubeIDE.app/Contents/Eclipse/plugins/com.st.stm32cube.ide.mcu.externaltools.gnu-tools-for-stm32.9-2020-q2-update.macos64_2.0.0.202105311346/tools/bin/../lib/gcc/arm-none-eabi/9.3.1/../../../../arm-none-eabi/lib/thumb/v7-m/nofp/libc_nano.a(lib_a-findfp.o)
 .text._cleanup_r
                0x0000000008003134        0xc /Applications/STM32CubeIDE.app/Contents/Eclipse/plugins/com.st.stm32cube.ide.mcu.externaltools.gnu-tools-for-stm32.9-2020-q2-update.macos64_2.0.0.202105311346/tools/bin/../lib/gcc/arm-none-eabi/9.3.1/../../../../arm-none-eabi/lib/thumb/v7-m/nofp/libc_nano.a(lib_a-findfp.o)
                0x0000000008003134                _cleanup_r
 .text.__sfmoreglue
                0x0000000008003140       0x2c /Applications/STM32CubeIDE.app/Contents/Eclipse/plugins/com.st.stm32cube.ide.mcu.externaltools.gnu-tools-for-stm32.9-2020-q2-update.macos64_2.0.0.202105311346/tools/bin/../lib/gcc/arm-none-eabi/9.3.1/../../../../arm-none-eabi/lib/thumb/v7-m/nofp/libc_nano.a(lib_a-findfp.o)
                0x0000000008003140                __sfmoreglue
 .text.__sfp_lock_acquire
                0x000000000800316c        0xc /Applications/STM32CubeIDE.app/Contents/Eclipse/plugins/com.st.stm32cube.ide.mcu.externaltools.gnu-tools-for-stm32.9-2020-q2-update.macos64_2.0.0.202105311346/tools/bin/../lib/gcc/arm-none-eabi/9.3.1/../../../../arm-none-eabi/lib/thumb/v7-m/nofp/libc_nano.a(lib_a-findfp.o)
                0x000000000800316c                __sfp_lock_acquire
 .text.__sfp_lock_release
                0x0000000008003178        0xc /Applications/STM32CubeIDE.app/Contents/Eclipse/plugins/com.st.stm32cube.ide.mcu.externaltools.gnu-tools-for-stm32.9-2020-q2-update.macos64_2.0.0.202105311346/tools/bin/../lib/gcc/arm-none-eabi/9.3.1/../../../../arm-none-eabi/lib/thumb/v7-m/nofp/libc_nano.a(lib_a-findfp.o)
                0x0000000008003178                __sfp_lock_release
 .text.__sinit_lock_acquire
                0x0000000008003184        0xc /Applications/STM32CubeIDE.app/Contents/Eclipse/plugins/com.st.stm32cube.ide.mcu.externaltools.gnu-tools-for-stm32.9-2020-q2-update.macos64_2.0.0.202105311346/tools/bin/../lib/gcc/arm-none-eabi/9.3.1/../../../../arm-none-eabi/lib/thumb/v7-m/nofp/libc_nano.a(lib_a-findfp.o)
                0x0000000008003184                __sinit_lock_acquire
 .text.__sinit_lock_release
                0x0000000008003190        0xc /Applications/STM32CubeIDE.app/Contents/Eclipse/plugins/com.st.stm32cube.ide.mcu.externaltools.gnu-tools-for-stm32.9-2020-q2-update.macos64_2.0.0.202105311346/tools/bin/../lib/gcc/arm-none-eabi/9.3.1/../../../../arm-none-eabi/lib/thumb/v7-m/nofp/libc_nano.a(lib_a-findfp.o)
                0x0000000008003190                __sinit_lock_release
 .text.__sinit  0x000000000800319c       0x70 /Applications/STM32CubeIDE.app/Contents/Eclipse/plugins/com.st.stm32cube.ide.mcu.externaltools.gnu-tools-for-stm32.9-2020-q2-update.macos64_2.0.0.202105311346/tools/bin/../lib/gcc/arm-none-eabi/9.3.1/../../../../arm-none-eabi/lib/thumb/v7-m/nofp/libc_nano.a(lib_a-findfp.o)
                0x000000000800319c                __sinit
 .text.__sfp    0x000000000800320c       0x8c /Applications/STM32CubeIDE.app/Contents/Eclipse/plugins/com.st.stm32cube.ide.mcu.externaltools.gnu-tools-for-stm32.9-2020-q2-update.macos64_2.0.0.202105311346/tools/bin/../lib/gcc/arm-none-eabi/9.3.1/../../../../arm-none-eabi/lib/thumb/v7-m/nofp/libc_nano.a(lib_a-findfp.o)
                0x000000000800320c                __sfp
 .text._fwalk_reent
                0x0000000008003298       0x3e /Applications/STM32CubeIDE.app/Contents/Eclipse/plugins/com.st.stm32cube.ide.mcu.externaltools.gnu-tools-for-stm32.9-2020-q2-update.macos64_2.0.0.202105311346/tools/bin/../lib/gcc/arm-none-eabi/9.3.1/../../../../arm-none-eabi/lib/thumb/v7-m/nofp/libc_nano.a(lib_a-fwalk.o)
                0x0000000008003298                _fwalk_reent
 *fill*         0x00000000080032d6        0x2 
 .text.__libc_init_array
                0x00000000080032d8       0x48 /Applications/STM32CubeIDE.app/Contents/Eclipse/plugins/com.st.stm32cube.ide.mcu.externaltools.gnu-tools-for-stm32.9-2020-q2-update.macos64_2.0.0.202105311346/tools/bin/../lib/gcc/arm-none-eabi/9.3.1/../../../../arm-none-eabi/lib/thumb/v7-m/nofp/libc_nano.a(lib_a-init.o)
                0x00000000080032d8                __libc_init_array
 .text.__retarget_lock_init_recursive
                0x0000000008003320        0x2 /Applications/STM32CubeIDE.app/Contents/Eclipse/plugins/com.st.stm32cube.ide.mcu.externaltools.gnu-tools-for-stm32.9-2020-q2-update.macos64_2.0.0.202105311346/tools/bin/../lib/gcc/arm-none-eabi/9.3.1/../../../../arm-none-eabi/lib/thumb/v7-m/nofp/libc_nano.a(lib_a-lock.o)
                0x0000000008003320                __retarget_lock_init_recursive
 .text.__retarget_lock_acquire_recursive
                0x0000000008003322        0x2 /Applications/STM32CubeIDE.app/Contents/Eclipse/plugins/com.st.stm32cube.ide.mcu.externaltools.gnu-tools-for-stm32.9-2020-q2-update.macos64_2.0.0.202105311346/tools/bin/../lib/gcc/arm-none-eabi/9.3.1/../../../../arm-none-eabi/lib/thumb/v7-m/nofp/libc_nano.a(lib_a-lock.o)
                0x0000000008003322                __retarget_lock_acquire_recursive
 .text.__retarget_lock_release_recursive
                0x0000000008003324        0x2 /Applications/STM32CubeIDE.app/Contents/Eclipse/plugins/com.st.stm32cube.ide.mcu.externaltools.gnu-tools-for-stm32.9-2020-q2-update.macos64_2.0.0.202105311346/tools/bin/../lib/gcc/arm-none-eabi/9.3.1/../../../../arm-none-eabi/lib/thumb/v7-m/nofp/libc_nano.a(lib_a-lock.o)
                0x0000000008003324                __retarget_lock_release_recursive
 .text.memset   0x0000000008003326       0x10 /Applications/STM32CubeIDE.app/Contents/Eclipse/plugins/com.st.stm32cube.ide.mcu.externaltools.gnu-tools-for-stm32.9-2020-q2-update.macos64_2.0.0.202105311346/tools/bin/../lib/gcc/arm-none-eabi/9.3.1/../../../../arm-none-eabi/lib/thumb/v7-m/nofp/libc_nano.a(lib_a-memset.o)
                0x0000000008003326                memset
 *fill*         0x0000000008003336        0x2 
 .text._free_r  0x0000000008003338       0x98 /Applications/STM32CubeIDE.app/Contents/Eclipse/plugins/com.st.stm32cube.ide.mcu.externaltools.gnu-tools-for-stm32.9-2020-q2-update.macos64_2.0.0.202105311346/tools/bin/../lib/gcc/arm-none-eabi/9.3.1/../../../../arm-none-eabi/lib/thumb/v7-m/nofp/libc_nano.a(lib_a-nano-freer.o)
                0x0000000008003338                _free_r
 .text._malloc_r
                0x00000000080033d0       0xb4 /Applications/STM32CubeIDE.app/Contents/Eclipse/plugins/com.st.stm32cube.ide.mcu.externaltools.gnu-tools-for-stm32.9-2020-q2-update.macos64_2.0.0.202105311346/tools/bin/../lib/gcc/arm-none-eabi/9.3.1/../../../../arm-none-eabi/lib/thumb/v7-m/nofp/libc_nano.a(lib_a-nano-mallocr.o)
                0x00000000080033d0                _malloc_r
 .text.printf   0x0000000008003484       0x30 /Applications/STM32CubeIDE.app/Contents/Eclipse/plugins/com.st.stm32cube.ide.mcu.externaltools.gnu-tools-for-stm32.9-2020-q2-update.macos64_2.0.0.202105311346/tools/bin/../lib/gcc/arm-none-eabi/9.3.1/../../../../arm-none-eabi/lib/thumb/v7-m/nofp/libc_nano.a(lib_a-printf.o)
                0x0000000008003484                printf
                0x0000000008003484                iprintf
 .text._puts_r  0x00000000080034b4       0xdc /Applications/STM32CubeIDE.app/Contents/Eclipse/plugins/com.st.stm32cube.ide.mcu.externaltools.gnu-tools-for-stm32.9-2020-q2-update.macos64_2.0.0.202105311346/tools/bin/../lib/gcc/arm-none-eabi/9.3.1/../../../../arm-none-eabi/lib/thumb/v7-m/nofp/libc_nano.a(lib_a-puts.o)
                0x00000000080034b4                _puts_r
 .text.puts     0x0000000008003590       0x10 /Applications/STM32CubeIDE.app/Contents/Eclipse/plugins/com.st.stm32cube.ide.mcu.externaltools.gnu-tools-for-stm32.9-2020-q2-update.macos64_2.0.0.202105311346/tools/bin/../lib/gcc/arm-none-eabi/9.3.1/../../../../arm-none-eabi/lib/thumb/v7-m/nofp/libc_nano.a(lib_a-puts.o)
                0x0000000008003590                puts
 .text._sbrk_r  0x00000000080035a0       0x20 /Applications/STM32CubeIDE.app/Contents/Eclipse/plugins/com.st.stm32cube.ide.mcu.externaltools.gnu-tools-for-stm32.9-2020-q2-update.macos64_2.0.0.202105311346/tools/bin/../lib/gcc/arm-none-eabi/9.3.1/../../../../arm-none-eabi/lib/thumb/v7-m/nofp/libc_nano.a(lib_a-sbrkr.o)
                0x00000000080035a0                _sbrk_r
 .text.__sread  0x00000000080035c0       0x22 /Applications/STM32CubeIDE.app/Contents/Eclipse/plugins/com.st.stm32cube.ide.mcu.externaltools.gnu-tools-for-stm32.9-2020-q2-update.macos64_2.0.0.202105311346/tools/bin/../lib/gcc/arm-none-eabi/9.3.1/../../../../arm-none-eabi/lib/thumb/v7-m/nofp/libc_nano.a(lib_a-stdio.o)
                0x00000000080035c0                __sread
 .text.__swrite
                0x00000000080035e2       0x38 /Applications/STM32CubeIDE.app/Contents/Eclipse/plugins/com.st.stm32cube.ide.mcu.externaltools.gnu-tools-for-stm32.9-2020-q2-update.macos64_2.0.0.202105311346/tools/bin/../lib/gcc/arm-none-eabi/9.3.1/../../../../arm-none-eabi/lib/thumb/v7-m/nofp/libc_nano.a(lib_a-stdio.o)
                0x00000000080035e2                __swrite
 .text.__sseek  0x000000000800361a       0x24 /Applications/STM32CubeIDE.app/Contents/Eclipse/plugins/com.st.stm32cube.ide.mcu.externaltools.gnu-tools-for-stm32.9-2020-q2-update.macos64_2.0.0.202105311346/tools/bin/../lib/gcc/arm-none-eabi/9.3.1/../../../../arm-none-eabi/lib/thumb/v7-m/nofp/libc_nano.a(lib_a-stdio.o)
                0x000000000800361a                __sseek
 .text.__sclose
                0x000000000800363e        0x8 /Applications/STM32CubeIDE.app/Contents/Eclipse/plugins/com.st.stm32cube.ide.mcu.externaltools.gnu-tools-for-stm32.9-2020-q2-update.macos64_2.0.0.202105311346/tools/bin/../lib/gcc/arm-none-eabi/9.3.1/../../../../arm-none-eabi/lib/thumb/v7-m/nofp/libc_nano.a(lib_a-stdio.o)
                0x000000000800363e                __sclose
 *fill*         0x0000000008003646        0x2 
 .text.__swbuf_r
                0x0000000008003648       0xa4 /Applications/STM32CubeIDE.app/Contents/Eclipse/plugins/com.st.stm32cube.ide.mcu.externaltools.gnu-tools-for-stm32.9-2020-q2-update.macos64_2.0.0.202105311346/tools/bin/../lib/gcc/arm-none-eabi/9.3.1/../../../../arm-none-eabi/lib/thumb/v7-m/nofp/libc_nano.a(lib_a-wbuf.o)
                0x0000000008003648                __swbuf_r
 .text._write_r
                0x00000000080036ec       0x24 /Applications/STM32CubeIDE.app/Contents/Eclipse/plugins/com.st.stm32cube.ide.mcu.externaltools.gnu-tools-for-stm32.9-2020-q2-update.macos64_2.0.0.202105311346/tools/bin/../lib/gcc/arm-none-eabi/9.3.1/../../../../arm-none-eabi/lib/thumb/v7-m/nofp/libc_nano.a(lib_a-writer.o)
                0x00000000080036ec                _write_r
 .text.__swsetup_r
                0x0000000008003710       0xdc /Applications/STM32CubeIDE.app/Contents/Eclipse/plugins/com.st.stm32cube.ide.mcu.externaltools.gnu-tools-for-stm32.9-2020-q2-update.macos64_2.0.0.202105311346/tools/bin/../lib/gcc/arm-none-eabi/9.3.1/../../../../arm-none-eabi/lib/thumb/v7-m/nofp/libc_nano.a(lib_a-wsetup.o)
                0x0000000008003710                __swsetup_r
 .text._close_r
                0x00000000080037ec       0x20 /Applications/STM32CubeIDE.app/Contents/Eclipse/plugins/com.st.stm32cube.ide.mcu.externaltools.gnu-tools-for-stm32.9-2020-q2-update.macos64_2.0.0.202105311346/tools/bin/../lib/gcc/arm-none-eabi/9.3.1/../../../../arm-none-eabi/lib/thumb/v7-m/nofp/libc_nano.a(lib_a-closer.o)
                0x00000000080037ec                _close_r
 .text._lseek_r
                0x000000000800380c       0x24 /Applications/STM32CubeIDE.app/Contents/Eclipse/plugins/com.st.stm32cube.ide.mcu.externaltools.gnu-tools-for-stm32.9-2020-q2-update.macos64_2.0.0.202105311346/tools/bin/../lib/gcc/arm-none-eabi/9.3.1/../../../../arm-none-eabi/lib/thumb/v7-m/nofp/libc_nano.a(lib_a-lseekr.o)
                0x000000000800380c                _lseek_r
 .text.__swhatbuf_r
                0x0000000008003830       0x48 /Applications/STM32CubeIDE.app/Contents/Eclipse/plugins/com.st.stm32cube.ide.mcu.externaltools.gnu-tools-for-stm32.9-2020-q2-update.macos64_2.0.0.202105311346/tools/bin/../lib/gcc/arm-none-eabi/9.3.1/../../../../arm-none-eabi/lib/thumb/v7-m/nofp/libc_nano.a(lib_a-makebuf.o)
                0x0000000008003830                __swhatbuf_r
 .text.__smakebuf_r
                0x0000000008003878       0x80 /Applications/STM32CubeIDE.app/Contents/Eclipse/plugins/com.st.stm32cube.ide.mcu.externaltools.gnu-tools-for-stm32.9-2020-q2-update.macos64_2.0.0.202105311346/tools/bin/../lib/gcc/arm-none-eabi/9.3.1/../../../../arm-none-eabi/lib/thumb/v7-m/nofp/libc_nano.a(lib_a-makebuf.o)
                0x0000000008003878                __smakebuf_r
 .text.__malloc_lock
                0x00000000080038f8        0xc /Applications/STM32CubeIDE.app/Contents/Eclipse/plugins/com.st.stm32cube.ide.mcu.externaltools.gnu-tools-for-stm32.9-2020-q2-update.macos64_2.0.0.202105311346/tools/bin/../lib/gcc/arm-none-eabi/9.3.1/../../../../arm-none-eabi/lib/thumb/v7-m/nofp/libc_nano.a(lib_a-mlock.o)
                0x00000000080038f8                __malloc_lock
 .text.__malloc_unlock
                0x0000000008003904        0xc /Applications/STM32CubeIDE.app/Contents/Eclipse/plugins/com.st.stm32cube.ide.mcu.externaltools.gnu-tools-for-stm32.9-2020-q2-update.macos64_2.0.0.202105311346/tools/bin/../lib/gcc/arm-none-eabi/9.3.1/../../../../arm-none-eabi/lib/thumb/v7-m/nofp/libc_nano.a(lib_a-mlock.o)
                0x0000000008003904                __malloc_unlock
 .text.__sfputc_r
                0x0000000008003910       0x2a /Applications/STM32CubeIDE.app/Contents/Eclipse/plugins/com.st.stm32cube.ide.mcu.externaltools.gnu-tools-for-stm32.9-2020-q2-update.macos64_2.0.0.202105311346/tools/bin/../lib/gcc/arm-none-eabi/9.3.1/../../../../arm-none-eabi/lib/thumb/v7-m/nofp/libc_nano.a(lib_a-nano-vfprintf.o)
 .text.__sfputs_r
                0x000000000800393a       0x24 /Applications/STM32CubeIDE.app/Contents/Eclipse/plugins/com.st.stm32cube.ide.mcu.externaltools.gnu-tools-for-stm32.9-2020-q2-update.macos64_2.0.0.202105311346/tools/bin/../lib/gcc/arm-none-eabi/9.3.1/../../../../arm-none-eabi/lib/thumb/v7-m/nofp/libc_nano.a(lib_a-nano-vfprintf.o)
                0x000000000800393a                __sfputs_r
 *fill*         0x000000000800395e        0x2 
 .text._vfprintf_r
                0x0000000008003960      0x260 /Applications/STM32CubeIDE.app/Contents/Eclipse/plugins/com.st.stm32cube.ide.mcu.externaltools.gnu-tools-for-stm32.9-2020-q2-update.macos64_2.0.0.202105311346/tools/bin/../lib/gcc/arm-none-eabi/9.3.1/../../../../arm-none-eabi/lib/thumb/v7-m/nofp/libc_nano.a(lib_a-nano-vfprintf.o)
                0x0000000008003960                _vfiprintf_r
                0x0000000008003960                _vfprintf_r
 .text._printf_common
                0x0000000008003bc0       0xde /Applications/STM32CubeIDE.app/Contents/Eclipse/plugins/com.st.stm32cube.ide.mcu.externaltools.gnu-tools-for-stm32.9-2020-q2-update.macos64_2.0.0.202105311346/tools/bin/../lib/gcc/arm-none-eabi/9.3.1/../../../../arm-none-eabi/lib/thumb/v7-m/nofp/libc_nano.a(lib_a-nano-vfprintf_i.o)
                0x0000000008003bc0                _printf_common
 *fill*         0x0000000008003c9e        0x2 
 .text._printf_i
                0x0000000008003ca0      0x24c /Applications/STM32CubeIDE.app/Contents/Eclipse/plugins/com.st.stm32cube.ide.mcu.externaltools.gnu-tools-for-stm32.9-2020-q2-update.macos64_2.0.0.202105311346/tools/bin/../lib/gcc/arm-none-eabi/9.3.1/../../../../arm-none-eabi/lib/thumb/v7-m/nofp/libc_nano.a(lib_a-nano-vfprintf_i.o)
                0x0000000008003ca0                _printf_i
 .text._read_r  0x0000000008003eec       0x24 /Applications/STM32CubeIDE.app/Contents/Eclipse/plugins/com.st.stm32cube.ide.mcu.externaltools.gnu-tools-for-stm32.9-2020-q2-update.macos64_2.0.0.202105311346/tools/bin/../lib/gcc/arm-none-eabi/9.3.1/../../../../arm-none-eabi/lib/thumb/v7-m/nofp/libc_nano.a(lib_a-readr.o)
                0x0000000008003eec                _read_r
 .text._fstat_r
                0x0000000008003f10       0x24 /Applications/STM32CubeIDE.app/Contents/Eclipse/plugins/com.st.stm32cube.ide.mcu.externaltools.gnu-tools-for-stm32.9-2020-q2-update.macos64_2.0.0.202105311346/tools/bin/../lib/gcc/arm-none-eabi/9.3.1/../../../../arm-none-eabi/lib/thumb/v7-m/nofp/libc_nano.a(lib_a-fstatr.o)
                0x0000000008003f10                _fstat_r
 .text._isatty_r
                0x0000000008003f34       0x20 /Applications/STM32CubeIDE.app/Contents/Eclipse/plugins/com.st.stm32cube.ide.mcu.externaltools.gnu-tools-for-stm32.9-2020-q2-update.macos64_2.0.0.202105311346/tools/bin/../lib/gcc/arm-none-eabi/9.3.1/../../../../arm-none-eabi/lib/thumb/v7-m/nofp/libc_nano.a(lib_a-isattyr.o)
                0x0000000008003f34                _isatty_r
 .text.memchr   0x0000000008003f54       0x1c /Applications/STM32CubeIDE.app/Contents/Eclipse/plugins/com.st.stm32cube.ide.mcu.externaltools.gnu-tools-for-stm32.9-2020-q2-update.macos64_2.0.0.202105311346/tools/bin/../lib/gcc/arm-none-eabi/9.3.1/../../../../arm-none-eabi/lib/thumb/v7-m/nofp/libc_nano.a(lib_a-memchr-stub.o)
                0x0000000008003f54                memchr
 *(.glue_7)
 .glue_7        0x0000000008003f70        0x0 linker stubs
 *(.glue_7t)
 .glue_7t       0x0000000008003f70        0x0 linker stubs
 *(.eh_frame)
 .eh_frame      0x0000000008003f70        0x0 /Applications/STM32CubeIDE.app/Contents/Eclipse/plugins/com.st.stm32cube.ide.mcu.externaltools.gnu-tools-for-stm32.9-2020-q2-update.macos64_2.0.0.202105311346/tools/bin/../lib/gcc/arm-none-eabi/9.3.1/thumb/v7-m/nofp/crtbegin.o
 *(.init)
 .init          0x0000000008003f70        0x4 /Applications/STM32CubeIDE.app/Contents/Eclipse/plugins/com.st.stm32cube.ide.mcu.externaltools.gnu-tools-for-stm32.9-2020-q2-update.macos64_2.0.0.202105311346/tools/bin/../lib/gcc/arm-none-eabi/9.3.1/thumb/v7-m/nofp/crti.o
                0x0000000008003f70                _init
 .init          0x0000000008003f74        0x8 /Applications/STM32CubeIDE.app/Contents/Eclipse/plugins/com.st.stm32cube.ide.mcu.externaltools.gnu-tools-for-stm32.9-2020-q2-update.macos64_2.0.0.202105311346/tools/bin/../lib/gcc/arm-none-eabi/9.3.1/thumb/v7-m/nofp/crtn.o
 *(.fini)
 .fini          0x0000000008003f7c        0x4 /Applications/STM32CubeIDE.app/Contents/Eclipse/plugins/com.st.stm32cube.ide.mcu.externaltools.gnu-tools-for-stm32.9-2020-q2-update.macos64_2.0.0.202105311346/tools/bin/../lib/gcc/arm-none-eabi/9.3.1/thumb/v7-m/nofp/crti.o
                0x0000000008003f7c                _fini
 .fini          0x0000000008003f80        0x8 /Applications/STM32CubeIDE.app/Contents/Eclipse/plugins/com.st.stm32cube.ide.mcu.externaltools.gnu-tools-for-stm32.9-2020-q2-update.macos64_2.0.0.202105311346/tools/bin/../lib/gcc/arm-none-eabi/9.3.1/thumb/v7-m/nofp/crtn.o
                0x0000000008003f88                . = ALIGN (0x4)
                0x0000000008003f88                _etext = .

.vfp11_veneer   0x0000000008003f88        0x0
 .vfp11_veneer  0x0000000008003f88        0x0 linker stubs

.v4_bx          0x0000000008003f88        0x0
 .v4_bx         0x0000000008003f88        0x0 linker stubs

.iplt           0x0000000008003f88        0x0
 .iplt          0x0000000008003f88        0x0 /Applications/STM32CubeIDE.app/Contents/Eclipse/plugins/com.st.stm32cube.ide.mcu.externaltools.gnu-tools-for-stm32.9-2020-q2-update.macos64_2.0.0.202105311346/tools/bin/../lib/gcc/arm-none-eabi/9.3.1/thumb/v7-m/nofp/crtbegin.o

.rodata         0x0000000008003f88      0x96c
                0x0000000008003f88                . = ALIGN (0x4)
 *(.rodata)
 .rodata        0x0000000008003f88       0x10 ./Drivers/STM32F1xx_HAL_Driver/Src/stm32f1xx_hal_rcc.o
 .rodata        0x0000000008003f98        0xd ./Middlewares/Third_Party/FreeRTOS/Source/tasks.o
 *fill*         0x0000000008003fa5        0x3 
 .rodata        0x0000000008003fa8        0x7 ./Middlewares/Third_Party/FreeRTOS/Source/portable/GCC/ARM_CM3/port.o
 *fill*         0x0000000008003faf        0x1 
 .rodata        0x0000000008003fb0        0x9 ./Middlewares/Third_Party/FreeRTOS/Source/portable/MemMang/heap_4.o
 *fill*         0x0000000008003fb9        0x3 
 .rodata        0x0000000008003fbc      0x6fb ./Src/main.o
 *fill*         0x00000000080046b7        0x1 
 .rodata        0x00000000080046b8      0x18c ./Src/task.o
 *(.rodata*)
 .rodata.AHBPrescTable
                0x0000000008004844       0x10 ./Src/system_stm32f1xx.o
                0x0000000008004844                AHBPrescTable
 .rodata.APBPrescTable
                0x0000000008004854        0x8 ./Src/system_stm32f1xx.o
                0x0000000008004854                APBPrescTable
 .rodata.__sf_fake_stderr
                0x000000000800485c       0x20 /Applications/STM32CubeIDE.app/Contents/Eclipse/plugins/com.st.stm32cube.ide.mcu.externaltools.gnu-tools-for-stm32.9-2020-q2-update.macos64_2.0.0.202105311346/tools/bin/../lib/gcc/arm-none-eabi/9.3.1/../../../../arm-none-eabi/lib/thumb/v7-m/nofp/libc_nano.a(lib_a-findfp.o)
                0x000000000800485c                __sf_fake_stderr
 .rodata.__sf_fake_stdin
                0x000000000800487c       0x20 /Applications/STM32CubeIDE.app/Contents/Eclipse/plugins/com.st.stm32cube.ide.mcu.externaltools.gnu-tools-for-stm32.9-2020-q2-update.macos64_2.0.0.202105311346/tools/bin/../lib/gcc/arm-none-eabi/9.3.1/../../../../arm-none-eabi/lib/thumb/v7-m/nofp/libc_nano.a(lib_a-findfp.o)
                0x000000000800487c                __sf_fake_stdin
 .rodata.__sf_fake_stdout
                0x000000000800489c       0x20 /Applications/STM32CubeIDE.app/Contents/Eclipse/plugins/com.st.stm32cube.ide.mcu.externaltools.gnu-tools-for-stm32.9-2020-q2-update.macos64_2.0.0.202105311346/tools/bin/../lib/gcc/arm-none-eabi/9.3.1/../../../../arm-none-eabi/lib/thumb/v7-m/nofp/libc_nano.a(lib_a-findfp.o)
                0x000000000800489c                __sf_fake_stdout
 .rodata._global_impure_ptr
                0x00000000080048bc        0x4 /Applications/STM32CubeIDE.app/Contents/Eclipse/plugins/com.st.stm32cube.ide.mcu.externaltools.gnu-tools-for-stm32.9-2020-q2-update.macos64_2.0.0.202105311346/tools/bin/../lib/gcc/arm-none-eabi/9.3.1/../../../../arm-none-eabi/lib/thumb/v7-m/nofp/libc_nano.a(lib_a-impure.o)
                0x00000000080048bc                _global_impure_ptr
 .rodata._vfprintf_r.str1.1
                0x00000000080048c0       0x11 /Applications/STM32CubeIDE.app/Contents/Eclipse/plugins/com.st.stm32cube.ide.mcu.externaltools.gnu-tools-for-stm32.9-2020-q2-update.macos64_2.0.0.202105311346/tools/bin/../lib/gcc/arm-none-eabi/9.3.1/../../../../arm-none-eabi/lib/thumb/v7-m/nofp/libc_nano.a(lib_a-nano-vfprintf.o)
 .rodata._printf_i.str1.1
                0x00000000080048d1       0x22 /Applications/STM32CubeIDE.app/Contents/Eclipse/plugins/com.st.stm32cube.ide.mcu.externaltools.gnu-tools-for-stm32.9-2020-q2-update.macos64_2.0.0.202105311346/tools/bin/../lib/gcc/arm-none-eabi/9.3.1/../../../../arm-none-eabi/lib/thumb/v7-m/nofp/libc_nano.a(lib_a-nano-vfprintf_i.o)
                0x00000000080048f4                . = ALIGN (0x4)
 *fill*         0x00000000080048f3        0x1 

.rel.dyn        0x00000000080048f4        0x0
 .rel.iplt      0x00000000080048f4        0x0 /Applications/STM32CubeIDE.app/Contents/Eclipse/plugins/com.st.stm32cube.ide.mcu.externaltools.gnu-tools-for-stm32.9-2020-q2-update.macos64_2.0.0.202105311346/tools/bin/../lib/gcc/arm-none-eabi/9.3.1/thumb/v7-m/nofp/crtbegin.o

.ARM.extab      0x00000000080048f4        0x0
                0x00000000080048f4                . = ALIGN (0x4)
 *(.ARM.extab* .gnu.linkonce.armextab.*)
                0x00000000080048f4                . = ALIGN (0x4)

.ARM            0x00000000080048f4        0x0
                0x00000000080048f4                . = ALIGN (0x4)
                0x00000000080048f4                __exidx_start = .
 *(.ARM.exidx*)
                0x00000000080048f4                __exidx_end = .
                0x00000000080048f4                . = ALIGN (0x4)

.preinit_array  0x00000000080048f4        0x0
                0x00000000080048f4                . = ALIGN (0x4)
                0x00000000080048f4                PROVIDE (__preinit_array_start = .)
 *(.preinit_array*)
                0x00000000080048f4                PROVIDE (__preinit_array_end = .)
                0x00000000080048f4                . = ALIGN (0x4)

.init_array     0x00000000080048f4        0x4
                0x00000000080048f4                . = ALIGN (0x4)
                0x00000000080048f4                PROVIDE (__init_array_start = .)
 *(SORT_BY_NAME(.init_array.*))
 *(.init_array*)
 .init_array    0x00000000080048f4        0x4 /Applications/STM32CubeIDE.app/Contents/Eclipse/plugins/com.st.stm32cube.ide.mcu.externaltools.gnu-tools-for-stm32.9-2020-q2-update.macos64_2.0.0.202105311346/tools/bin/../lib/gcc/arm-none-eabi/9.3.1/thumb/v7-m/nofp/crtbegin.o
                0x00000000080048f8                PROVIDE (__init_array_end = .)
                0x00000000080048f8                . = ALIGN (0x4)

.fini_array     0x00000000080048f8        0x4
                0x00000000080048f8                . = ALIGN (0x4)
                [!provide]                        PROVIDE (__fini_array_start = .)
 *(SORT_BY_NAME(.fini_array.*))
 *(.fini_array*)
 .fini_array    0x00000000080048f8        0x4 /Applications/STM32CubeIDE.app/Contents/Eclipse/plugins/com.st.stm32cube.ide.mcu.externaltools.gnu-tools-for-stm32.9-2020-q2-update.macos64_2.0.0.202105311346/tools/bin/../lib/gcc/arm-none-eabi/9.3.1/thumb/v7-m/nofp/crtbegin.o
                [!provide]                        PROVIDE (__fini_array_end = .)
                0x00000000080048fc                . = ALIGN (0x4)
                0x00000000080048fc                _sidata = LOADADDR (.data)

.data           0x0000000020000000       0x84 load address 0x00000000080048fc
                0x0000000020000000                . = ALIGN (0x4)
                0x0000000020000000                _sdata = .
 *(.data)
 .data          0x0000000020000000       0x10 ./Src/random.o
                0x0000000020000004                seed
 *(.data*)
 .data.uwTickPrio
                0x0000000020000010        0x4 ./Drivers/STM32F1xx_HAL_Driver/Src/stm32f1xx_hal.o
                0x0000000020000010                uwTickPrio
 .data.uwTickFreq
                0x0000000020000014        0x1 ./Drivers/STM32F1xx_HAL_Driver/Src/stm32f1xx_hal.o
                0x0000000020000014                uwTickFreq
 *fill*         0x0000000020000015        0x3 
 .data.uxCriticalNesting
                0x0000000020000018        0x4 ./Middlewares/Third_Party/FreeRTOS/Source/portable/GCC/ARM_CM3/port.o
 .data.SystemCoreClock
                0x000000002000001c        0x4 ./Src/system_stm32f1xx.o
                0x000000002000001c                SystemCoreClock
 .data._impure_ptr
                0x0000000020000020        0x4 /Applications/STM32CubeIDE.app/Contents/Eclipse/plugins/com.st.stm32cube.ide.mcu.externaltools.gnu-tools-for-stm32.9-2020-q2-update.macos64_2.0.0.202105311346/tools/bin/../lib/gcc/arm-none-eabi/9.3.1/../../../../arm-none-eabi/lib/thumb/v7-m/nofp/libc_nano.a(lib_a-impure.o)
                0x0000000020000020                _impure_ptr
 .data.impure_data
                0x0000000020000024       0x60 /Applications/STM32CubeIDE.app/Contents/Eclipse/plugins/com.st.stm32cube.ide.mcu.externaltools.gnu-tools-for-stm32.9-2020-q2-update.macos64_2.0.0.202105311346/tools/bin/../lib/gcc/arm-none-eabi/9.3.1/../../../../arm-none-eabi/lib/thumb/v7-m/nofp/libc_nano.a(lib_a-impure.o)
                0x0000000020000084                . = ALIGN (0x4)
                0x0000000020000084                _edata = .

.igot.plt       0x0000000020000084        0x0 load address 0x0000000008004980
 .igot.plt      0x0000000020000084        0x0 /Applications/STM32CubeIDE.app/Contents/Eclipse/plugins/com.st.stm32cube.ide.mcu.externaltools.gnu-tools-for-stm32.9-2020-q2-update.macos64_2.0.0.202105311346/tools/bin/../lib/gcc/arm-none-eabi/9.3.1/thumb/v7-m/nofp/crtbegin.o
                0x0000000020000084                . = ALIGN (0x4)

.bss            0x0000000020000084     0x4308 load address 0x0000000008004980
                0x0000000020000084                _sbss = .
                0x0000000020000084                __bss_start__ = _sbss
 *(.bss)
 .bss           0x0000000020000084       0x1c /Applications/STM32CubeIDE.app/Contents/Eclipse/plugins/com.st.stm32cube.ide.mcu.externaltools.gnu-tools-for-stm32.9-2020-q2-update.macos64_2.0.0.202105311346/tools/bin/../lib/gcc/arm-none-eabi/9.3.1/thumb/v7-m/nofp/crtbegin.o
 *(.bss*)
 .bss.pxCurrentTCB
                0x00000000200000a0        0x4 ./Middlewares/Third_Party/FreeRTOS/Source/tasks.o
                0x00000000200000a0                pxCurrentTCB
 .bss.pxReadyTasksLists
                0x00000000200000a4      0x190 ./Middlewares/Third_Party/FreeRTOS/Source/tasks.o
 .bss.xDelayedTaskList1
                0x0000000020000234       0x14 ./Middlewares/Third_Party/FreeRTOS/Source/tasks.o
 .bss.xDelayedTaskList2
                0x0000000020000248       0x14 ./Middlewares/Third_Party/FreeRTOS/Source/tasks.o
 .bss.pxDelayedTaskList
                0x000000002000025c        0x4 ./Middlewares/Third_Party/FreeRTOS/Source/tasks.o
 .bss.pxOverflowDelayedTaskList
                0x0000000020000260        0x4 ./Middlewares/Third_Party/FreeRTOS/Source/tasks.o
 .bss.xPendingReadyList
                0x0000000020000264       0x14 ./Middlewares/Third_Party/FreeRTOS/Source/tasks.o
 .bss.xTasksWaitingTermination
                0x0000000020000278       0x14 ./Middlewares/Third_Party/FreeRTOS/Source/tasks.o
 .bss.uxDeletedTasksWaitingCleanUp
                0x000000002000028c        0x4 ./Middlewares/Third_Party/FreeRTOS/Source/tasks.o
 .bss.xSuspendedTaskList
                0x0000000020000290       0x14 ./Middlewares/Third_Party/FreeRTOS/Source/tasks.o
 .bss.uxCurrentNumberOfTasks
                0x00000000200002a4        0x4 ./Middlewares/Third_Party/FreeRTOS/Source/tasks.o
 .bss.xTickCount
                0x00000000200002a8        0x4 ./Middlewares/Third_Party/FreeRTOS/Source/tasks.o
 .bss.uxTopReadyPriority
                0x00000000200002ac        0x4 ./Middlewares/Third_Party/FreeRTOS/Source/tasks.o
 .bss.xSchedulerRunning
                0x00000000200002b0        0x4 ./Middlewares/Third_Party/FreeRTOS/Source/tasks.o
 .bss.uxPendedTicks
                0x00000000200002b4        0x4 ./Middlewares/Third_Party/FreeRTOS/Source/tasks.o
 .bss.xYieldPending
                0x00000000200002b8        0x4 ./Middlewares/Third_Party/FreeRTOS/Source/tasks.o
 .bss.xNumOfOverflows
                0x00000000200002bc        0x4 ./Middlewares/Third_Party/FreeRTOS/Source/tasks.o
 .bss.uxTaskNumber
                0x00000000200002c0        0x4 ./Middlewares/Third_Party/FreeRTOS/Source/tasks.o
 .bss.xNextTaskUnblockTime
                0x00000000200002c4        0x4 ./Middlewares/Third_Party/FreeRTOS/Source/tasks.o
 .bss.xIdleTaskHandle
                0x00000000200002c8        0x4 ./Middlewares/Third_Party/FreeRTOS/Source/tasks.o
 .bss.uxSchedulerSuspended
                0x00000000200002cc        0x4 ./Middlewares/Third_Party/FreeRTOS/Source/tasks.o
 .bss.ucMaxSysCallPriority
                0x00000000200002d0        0x1 ./Middlewares/Third_Party/FreeRTOS/Source/portable/GCC/ARM_CM3/port.o
 *fill*         0x00000000200002d1        0x3 
 .bss.ulMaxPRIGROUPValue
                0x00000000200002d4        0x4 ./Middlewares/Third_Party/FreeRTOS/Source/portable/GCC/ARM_CM3/port.o
 .bss.ucHeap    0x00000000200002d8     0x4000 ./Middlewares/Third_Party/FreeRTOS/Source/portable/MemMang/heap_4.o
 .bss.xStart    0x00000000200042d8        0x8 ./Middlewares/Third_Party/FreeRTOS/Source/portable/MemMang/heap_4.o
 .bss.pxEnd     0x00000000200042e0        0x4 ./Middlewares/Third_Party/FreeRTOS/Source/portable/MemMang/heap_4.o
 .bss.xFreeBytesRemaining
                0x00000000200042e4        0x4 ./Middlewares/Third_Party/FreeRTOS/Source/portable/MemMang/heap_4.o
 .bss.xMinimumEverFreeBytesRemaining
                0x00000000200042e8        0x4 ./Middlewares/Third_Party/FreeRTOS/Source/portable/MemMang/heap_4.o
 .bss.xBlockAllocatedBit
                0x00000000200042ec        0x4 ./Middlewares/Third_Party/FreeRTOS/Source/portable/MemMang/heap_4.o
 .bss.heap_end.5222
                0x00000000200042f0        0x4 ./Src/sysmem.o
 .bss.tickets   0x00000000200042f4        0x4 ./Src/task.o
                0x00000000200042f4                tickets
 .bss.backupTickets
                0x00000000200042f8        0x4 ./Src/task.o
                0x00000000200042f8                backupTickets
 .bss.T1_Ticket
                0x00000000200042fc        0x4 ./Src/task.o
                0x00000000200042fc                T1_Ticket
 .bss.T2_Ticket
                0x0000000020004300        0x4 ./Src/task.o
                0x0000000020004300                T2_Ticket
 .bss.__malloc_free_list
                0x0000000020004304        0x4 /Applications/STM32CubeIDE.app/Contents/Eclipse/plugins/com.st.stm32cube.ide.mcu.externaltools.gnu-tools-for-stm32.9-2020-q2-update.macos64_2.0.0.202105311346/tools/bin/../lib/gcc/arm-none-eabi/9.3.1/../../../../arm-none-eabi/lib/thumb/v7-m/nofp/libc_nano.a(lib_a-nano-mallocr.o)
                0x0000000020004304                __malloc_free_list
 .bss.__malloc_sbrk_start
                0x0000000020004308        0x4 /Applications/STM32CubeIDE.app/Contents/Eclipse/plugins/com.st.stm32cube.ide.mcu.externaltools.gnu-tools-for-stm32.9-2020-q2-update.macos64_2.0.0.202105311346/tools/bin/../lib/gcc/arm-none-eabi/9.3.1/../../../../arm-none-eabi/lib/thumb/v7-m/nofp/libc_nano.a(lib_a-nano-mallocr.o)
                0x0000000020004308                __malloc_sbrk_start
 *(COMMON)
 COMMON         0x000000002000430c        0x4 ./Drivers/STM32F1xx_HAL_Driver/Src/stm32f1xx_hal.o
                0x000000002000430c                uwTick
 COMMON         0x0000000020004310       0x44 ./Src/main.o
                0x0000000020004310                defaultTaskHandle
                0x0000000020004314                huart2
 COMMON         0x0000000020004354       0x28 ./Src/task.o
                0x0000000020004354                task2timer
                0x0000000020004358                task1timer
                0x000000002000435c                Param_Tbl
                0x0000000020004368                xHandle2
                0x000000002000436c                USE_OSTimeTickHook
                0x0000000020004370                xHandle1
                0x0000000020004374                xHandleMain
                0x0000000020004378                mutex_id
 COMMON         0x000000002000437c        0x9 /Applications/STM32CubeIDE.app/Contents/Eclipse/plugins/com.st.stm32cube.ide.mcu.externaltools.gnu-tools-for-stm32.9-2020-q2-update.macos64_2.0.0.202105311346/tools/bin/../lib/gcc/arm-none-eabi/9.3.1/../../../../arm-none-eabi/lib/thumb/v7-m/nofp/libc_nano.a(lib_a-lock.o)
                0x000000002000437c                __lock___atexit_recursive_mutex
                0x000000002000437d                __lock___arc4random_mutex
                0x000000002000437e                __lock___env_recursive_mutex
                0x000000002000437f                __lock___sinit_recursive_mutex
                0x0000000020004380                __lock___malloc_recursive_mutex
                0x0000000020004381                __lock___at_quick_exit_mutex
                0x0000000020004382                __lock___dd_hash_mutex
                0x0000000020004383                __lock___tz_mutex
                0x0000000020004384                __lock___sfp_recursive_mutex
 *fill*         0x0000000020004385        0x3 
 COMMON         0x0000000020004388        0x4 /Applications/STM32CubeIDE.app/Contents/Eclipse/plugins/com.st.stm32cube.ide.mcu.externaltools.gnu-tools-for-stm32.9-2020-q2-update.macos64_2.0.0.202105311346/tools/bin/../lib/gcc/arm-none-eabi/9.3.1/../../../../arm-none-eabi/lib/thumb/v7-m/nofp/libc_nano.a(lib_a-reent.o)
                0x0000000020004388                errno
                0x000000002000438c                . = ALIGN (0x4)
                0x000000002000438c                _ebss = .
                0x000000002000438c                __bss_end__ = _ebss

.random         0x000000002000438c        0x0 load address 0x0000000008004980
                0x000000002000438c                . = ALIGN (0x4)
 *(.random)
                0x000000002000438c                . = ALIGN (0x4)

._user_heap_stack
                0x000000002000438c      0x604 load address 0x0000000008004980
                0x0000000020004390                . = ALIGN (0x8)
 *fill*         0x000000002000438c        0x4 
                0x0000000020004390                PROVIDE (end = .)
                [!provide]                        PROVIDE (_end = .)
                0x0000000020004590                . = (. + _Min_Heap_Size)
 *fill*         0x0000000020004390      0x200 
                0x0000000020004990                . = (. + _Min_Stack_Size)
 *fill*         0x0000000020004590      0x400 
                0x0000000020004990                . = ALIGN (0x8)

/DISCARD/
 libc.a(*)
 libm.a(*)
 libgcc.a(*)

.ARM.attributes
                0x0000000000000000       0x29
 *(.ARM.attributes)
 .ARM.attributes
                0x0000000000000000       0x1d /Applications/STM32CubeIDE.app/Contents/Eclipse/plugins/com.st.stm32cube.ide.mcu.externaltools.gnu-tools-for-stm32.9-2020-q2-update.macos64_2.0.0.202105311346/tools/bin/../lib/gcc/arm-none-eabi/9.3.1/thumb/v7-m/nofp/crti.o
 .ARM.attributes
                0x000000000000001d       0x2d /Applications/STM32CubeIDE.app/Contents/Eclipse/plugins/com.st.stm32cube.ide.mcu.externaltools.gnu-tools-for-stm32.9-2020-q2-update.macos64_2.0.0.202105311346/tools/bin/../lib/gcc/arm-none-eabi/9.3.1/thumb/v7-m/nofp/crtbegin.o
 .ARM.attributes
                0x000000000000004a       0x2d ./Drivers/STM32F1xx_HAL_Driver/Src/stm32f1xx_hal.o
 .ARM.attributes
                0x0000000000000077       0x2d ./Drivers/STM32F1xx_HAL_Driver/Src/stm32f1xx_hal_cortex.o
 .ARM.attributes
                0x00000000000000a4       0x2d ./Drivers/STM32F1xx_HAL_Driver/Src/stm32f1xx_hal_gpio.o
 .ARM.attributes
                0x00000000000000d1       0x2d ./Drivers/STM32F1xx_HAL_Driver/Src/stm32f1xx_hal_rcc.o
 .ARM.attributes
                0x00000000000000fe       0x2d ./Drivers/STM32F1xx_HAL_Driver/Src/stm32f1xx_hal_uart.o
 .ARM.attributes
                0x000000000000012b       0x2d ./Middlewares/Third_Party/FreeRTOS/Source/CMSIS_RTOS/cmsis_os.o
 .ARM.attributes
                0x0000000000000158       0x2d ./Middlewares/Third_Party/FreeRTOS/Source/list.o
 .ARM.attributes
                0x0000000000000185       0x2d ./Middlewares/Third_Party/FreeRTOS/Source/tasks.o
 .ARM.attributes
                0x00000000000001b2       0x2d ./Middlewares/Third_Party/FreeRTOS/Source/portable/GCC/ARM_CM3/port.o
 .ARM.attributes
                0x00000000000001df       0x2d ./Middlewares/Third_Party/FreeRTOS/Source/portable/MemMang/heap_4.o
 .ARM.attributes
                0x000000000000020c       0x2d ./Src/main.o
 .ARM.attributes
                0x0000000000000239       0x1b ./Src/random.o
 .ARM.attributes
                0x0000000000000254       0x2d ./Src/stm32f1xx_hal_msp.o
 .ARM.attributes
                0x0000000000000281       0x2d ./Src/stm32f1xx_it.o
 .ARM.attributes
                0x00000000000002ae       0x2d ./Src/syscalls.o
 .ARM.attributes
                0x00000000000002db       0x2d ./Src/sysmem.o
 .ARM.attributes
                0x0000000000000308       0x2d ./Src/system_stm32f1xx.o
 .ARM.attributes
                0x0000000000000335       0x2d ./Src/task.o
 .ARM.attributes
                0x0000000000000362       0x21 ./Startup/startup_stm32f103rbtx.o
 .ARM.attributes
                0x0000000000000383       0x2d /Applications/STM32CubeIDE.app/Contents/Eclipse/plugins/com.st.stm32cube.ide.mcu.externaltools.gnu-tools-for-stm32.9-2020-q2-update.macos64_2.0.0.202105311346/tools/bin/../lib/gcc/arm-none-eabi/9.3.1/../../../../arm-none-eabi/lib/thumb/v7-m/nofp/libc_nano.a(lib_a-errno.o)
 .ARM.attributes
                0x00000000000003b0       0x2d /Applications/STM32CubeIDE.app/Contents/Eclipse/plugins/com.st.stm32cube.ide.mcu.externaltools.gnu-tools-for-stm32.9-2020-q2-update.macos64_2.0.0.202105311346/tools/bin/../lib/gcc/arm-none-eabi/9.3.1/../../../../arm-none-eabi/lib/thumb/v7-m/nofp/libc_nano.a(lib_a-fflush.o)
 .ARM.attributes
                0x00000000000003dd       0x2d /Applications/STM32CubeIDE.app/Contents/Eclipse/plugins/com.st.stm32cube.ide.mcu.externaltools.gnu-tools-for-stm32.9-2020-q2-update.macos64_2.0.0.202105311346/tools/bin/../lib/gcc/arm-none-eabi/9.3.1/../../../../arm-none-eabi/lib/thumb/v7-m/nofp/libc_nano.a(lib_a-findfp.o)
 .ARM.attributes
                0x000000000000040a       0x2d /Applications/STM32CubeIDE.app/Contents/Eclipse/plugins/com.st.stm32cube.ide.mcu.externaltools.gnu-tools-for-stm32.9-2020-q2-update.macos64_2.0.0.202105311346/tools/bin/../lib/gcc/arm-none-eabi/9.3.1/../../../../arm-none-eabi/lib/thumb/v7-m/nofp/libc_nano.a(lib_a-fwalk.o)
 .ARM.attributes
                0x0000000000000437       0x2d /Applications/STM32CubeIDE.app/Contents/Eclipse/plugins/com.st.stm32cube.ide.mcu.externaltools.gnu-tools-for-stm32.9-2020-q2-update.macos64_2.0.0.202105311346/tools/bin/../lib/gcc/arm-none-eabi/9.3.1/../../../../arm-none-eabi/lib/thumb/v7-m/nofp/libc_nano.a(lib_a-impure.o)
 .ARM.attributes
                0x0000000000000464       0x2d /Applications/STM32CubeIDE.app/Contents/Eclipse/plugins/com.st.stm32cube.ide.mcu.externaltools.gnu-tools-for-stm32.9-2020-q2-update.macos64_2.0.0.202105311346/tools/bin/../lib/gcc/arm-none-eabi/9.3.1/../../../../arm-none-eabi/lib/thumb/v7-m/nofp/libc_nano.a(lib_a-init.o)
 .ARM.attributes
                0x0000000000000491       0x2d /Applications/STM32CubeIDE.app/Contents/Eclipse/plugins/com.st.stm32cube.ide.mcu.externaltools.gnu-tools-for-stm32.9-2020-q2-update.macos64_2.0.0.202105311346/tools/bin/../lib/gcc/arm-none-eabi/9.3.1/../../../../arm-none-eabi/lib/thumb/v7-m/nofp/libc_nano.a(lib_a-lock.o)
 .ARM.attributes
                0x00000000000004be       0x2d /Applications/STM32CubeIDE.app/Contents/Eclipse/plugins/com.st.stm32cube.ide.mcu.externaltools.gnu-tools-for-stm32.9-2020-q2-update.macos64_2.0.0.202105311346/tools/bin/../lib/gcc/arm-none-eabi/9.3.1/../../../../arm-none-eabi/lib/thumb/v7-m/nofp/libc_nano.a(lib_a-memset.o)
 .ARM.attributes
                0x00000000000004eb       0x2d /Applications/STM32CubeIDE.app/Contents/Eclipse/plugins/com.st.stm32cube.ide.mcu.externaltools.gnu-tools-for-stm32.9-2020-q2-update.macos64_2.0.0.202105311346/tools/bin/../lib/gcc/arm-none-eabi/9.3.1/../../../../arm-none-eabi/lib/thumb/v7-m/nofp/libc_nano.a(lib_a-nano-freer.o)
 .ARM.attributes
                0x0000000000000518       0x2d /Applications/STM32CubeIDE.app/Contents/Eclipse/plugins/com.st.stm32cube.ide.mcu.externaltools.gnu-tools-for-stm32.9-2020-q2-update.macos64_2.0.0.202105311346/tools/bin/../lib/gcc/arm-none-eabi/9.3.1/../../../../arm-none-eabi/lib/thumb/v7-m/nofp/libc_nano.a(lib_a-nano-mallocr.o)
 .ARM.attributes
                0x0000000000000545       0x2d /Applications/STM32CubeIDE.app/Contents/Eclipse/plugins/com.st.stm32cube.ide.mcu.externaltools.gnu-tools-for-stm32.9-2020-q2-update.macos64_2.0.0.202105311346/tools/bin/../lib/gcc/arm-none-eabi/9.3.1/../../../../arm-none-eabi/lib/thumb/v7-m/nofp/libc_nano.a(lib_a-printf.o)
 .ARM.attributes
                0x0000000000000572       0x2d /Applications/STM32CubeIDE.app/Contents/Eclipse/plugins/com.st.stm32cube.ide.mcu.externaltools.gnu-tools-for-stm32.9-2020-q2-update.macos64_2.0.0.202105311346/tools/bin/../lib/gcc/arm-none-eabi/9.3.1/../../../../arm-none-eabi/lib/thumb/v7-m/nofp/libc_nano.a(lib_a-puts.o)
 .ARM.attributes
                0x000000000000059f       0x2d /Applications/STM32CubeIDE.app/Contents/Eclipse/plugins/com.st.stm32cube.ide.mcu.externaltools.gnu-tools-for-stm32.9-2020-q2-update.macos64_2.0.0.202105311346/tools/bin/../lib/gcc/arm-none-eabi/9.3.1/../../../../arm-none-eabi/lib/thumb/v7-m/nofp/libc_nano.a(lib_a-sbrkr.o)
 .ARM.attributes
                0x00000000000005cc       0x2d /Applications/STM32CubeIDE.app/Contents/Eclipse/plugins/com.st.stm32cube.ide.mcu.externaltools.gnu-tools-for-stm32.9-2020-q2-update.macos64_2.0.0.202105311346/tools/bin/../lib/gcc/arm-none-eabi/9.3.1/../../../../arm-none-eabi/lib/thumb/v7-m/nofp/libc_nano.a(lib_a-stdio.o)
 .ARM.attributes
                0x00000000000005f9       0x2d /Applications/STM32CubeIDE.app/Contents/Eclipse/plugins/com.st.stm32cube.ide.mcu.externaltools.gnu-tools-for-stm32.9-2020-q2-update.macos64_2.0.0.202105311346/tools/bin/../lib/gcc/arm-none-eabi/9.3.1/../../../../arm-none-eabi/lib/thumb/v7-m/nofp/libc_nano.a(lib_a-wbuf.o)
 .ARM.attributes
                0x0000000000000626       0x2d /Applications/STM32CubeIDE.app/Contents/Eclipse/plugins/com.st.stm32cube.ide.mcu.externaltools.gnu-tools-for-stm32.9-2020-q2-update.macos64_2.0.0.202105311346/tools/bin/../lib/gcc/arm-none-eabi/9.3.1/../../../../arm-none-eabi/lib/thumb/v7-m/nofp/libc_nano.a(lib_a-writer.o)
 .ARM.attributes
                0x0000000000000653       0x2d /Applications/STM32CubeIDE.app/Contents/Eclipse/plugins/com.st.stm32cube.ide.mcu.externaltools.gnu-tools-for-stm32.9-2020-q2-update.macos64_2.0.0.202105311346/tools/bin/../lib/gcc/arm-none-eabi/9.3.1/../../../../arm-none-eabi/lib/thumb/v7-m/nofp/libc_nano.a(lib_a-wsetup.o)
 .ARM.attributes
                0x0000000000000680       0x2d /Applications/STM32CubeIDE.app/Contents/Eclipse/plugins/com.st.stm32cube.ide.mcu.externaltools.gnu-tools-for-stm32.9-2020-q2-update.macos64_2.0.0.202105311346/tools/bin/../lib/gcc/arm-none-eabi/9.3.1/../../../../arm-none-eabi/lib/thumb/v7-m/nofp/libc_nano.a(lib_a-closer.o)
 .ARM.attributes
                0x00000000000006ad       0x2d /Applications/STM32CubeIDE.app/Contents/Eclipse/plugins/com.st.stm32cube.ide.mcu.externaltools.gnu-tools-for-stm32.9-2020-q2-update.macos64_2.0.0.202105311346/tools/bin/../lib/gcc/arm-none-eabi/9.3.1/../../../../arm-none-eabi/lib/thumb/v7-m/nofp/libc_nano.a(lib_a-lseekr.o)
 .ARM.attributes
                0x00000000000006da       0x2d /Applications/STM32CubeIDE.app/Contents/Eclipse/plugins/com.st.stm32cube.ide.mcu.externaltools.gnu-tools-for-stm32.9-2020-q2-update.macos64_2.0.0.202105311346/tools/bin/../lib/gcc/arm-none-eabi/9.3.1/../../../../arm-none-eabi/lib/thumb/v7-m/nofp/libc_nano.a(lib_a-makebuf.o)
 .ARM.attributes
                0x0000000000000707       0x2d /Applications/STM32CubeIDE.app/Contents/Eclipse/plugins/com.st.stm32cube.ide.mcu.externaltools.gnu-tools-for-stm32.9-2020-q2-update.macos64_2.0.0.202105311346/tools/bin/../lib/gcc/arm-none-eabi/9.3.1/../../../../arm-none-eabi/lib/thumb/v7-m/nofp/libc_nano.a(lib_a-mlock.o)
 .ARM.attributes
                0x0000000000000734       0x2d /Applications/STM32CubeIDE.app/Contents/Eclipse/plugins/com.st.stm32cube.ide.mcu.externaltools.gnu-tools-for-stm32.9-2020-q2-update.macos64_2.0.0.202105311346/tools/bin/../lib/gcc/arm-none-eabi/9.3.1/../../../../arm-none-eabi/lib/thumb/v7-m/nofp/libc_nano.a(lib_a-nano-vfprintf.o)
 .ARM.attributes
                0x0000000000000761       0x2d /Applications/STM32CubeIDE.app/Contents/Eclipse/plugins/com.st.stm32cube.ide.mcu.externaltools.gnu-tools-for-stm32.9-2020-q2-update.macos64_2.0.0.202105311346/tools/bin/../lib/gcc/arm-none-eabi/9.3.1/../../../../arm-none-eabi/lib/thumb/v7-m/nofp/libc_nano.a(lib_a-nano-vfprintf_i.o)
 .ARM.attributes
                0x000000000000078e       0x2d /Applications/STM32CubeIDE.app/Contents/Eclipse/plugins/com.st.stm32cube.ide.mcu.externaltools.gnu-tools-for-stm32.9-2020-q2-update.macos64_2.0.0.202105311346/tools/bin/../lib/gcc/arm-none-eabi/9.3.1/../../../../arm-none-eabi/lib/thumb/v7-m/nofp/libc_nano.a(lib_a-readr.o)
 .ARM.attributes
                0x00000000000007bb       0x2d /Applications/STM32CubeIDE.app/Contents/Eclipse/plugins/com.st.stm32cube.ide.mcu.externaltools.gnu-tools-for-stm32.9-2020-q2-update.macos64_2.0.0.202105311346/tools/bin/../lib/gcc/arm-none-eabi/9.3.1/../../../../arm-none-eabi/lib/thumb/v7-m/nofp/libc_nano.a(lib_a-reent.o)
 .ARM.attributes
                0x00000000000007e8       0x2d /Applications/STM32CubeIDE.app/Contents/Eclipse/plugins/com.st.stm32cube.ide.mcu.externaltools.gnu-tools-for-stm32.9-2020-q2-update.macos64_2.0.0.202105311346/tools/bin/../lib/gcc/arm-none-eabi/9.3.1/../../../../arm-none-eabi/lib/thumb/v7-m/nofp/libc_nano.a(lib_a-fstatr.o)
 .ARM.attributes
                0x0000000000000815       0x2d /Applications/STM32CubeIDE.app/Contents/Eclipse/plugins/com.st.stm32cube.ide.mcu.externaltools.gnu-tools-for-stm32.9-2020-q2-update.macos64_2.0.0.202105311346/tools/bin/../lib/gcc/arm-none-eabi/9.3.1/../../../../arm-none-eabi/lib/thumb/v7-m/nofp/libc_nano.a(lib_a-isattyr.o)
 .ARM.attributes
                0x0000000000000842       0x2d /Applications/STM32CubeIDE.app/Contents/Eclipse/plugins/com.st.stm32cube.ide.mcu.externaltools.gnu-tools-for-stm32.9-2020-q2-update.macos64_2.0.0.202105311346/tools/bin/../lib/gcc/arm-none-eabi/9.3.1/../../../../arm-none-eabi/lib/thumb/v7-m/nofp/libc_nano.a(lib_a-memchr-stub.o)
 .ARM.attributes
                0x000000000000086f       0x1d /Applications/STM32CubeIDE.app/Contents/Eclipse/plugins/com.st.stm32cube.ide.mcu.externaltools.gnu-tools-for-stm32.9-2020-q2-update.macos64_2.0.0.202105311346/tools/bin/../lib/gcc/arm-none-eabi/9.3.1/thumb/v7-m/nofp/crtn.o
OUTPUT(07_MUTEX.elf elf32-littlearm)
LOAD linker stubs
LOAD /Applications/STM32CubeIDE.app/Contents/Eclipse/plugins/com.st.stm32cube.ide.mcu.externaltools.gnu-tools-for-stm32.9-2020-q2-update.macos64_2.0.0.202105311346/tools/bin/../lib/gcc/arm-none-eabi/9.3.1/../../../../arm-none-eabi/lib/thumb/v7-m/nofp/libc.a
LOAD /Applications/STM32CubeIDE.app/Contents/Eclipse/plugins/com.st.stm32cube.ide.mcu.externaltools.gnu-tools-for-stm32.9-2020-q2-update.macos64_2.0.0.202105311346/tools/bin/../lib/gcc/arm-none-eabi/9.3.1/../../../../arm-none-eabi/lib/thumb/v7-m/nofp/libm.a
LOAD /Applications/STM32CubeIDE.app/Contents/Eclipse/plugins/com.st.stm32cube.ide.mcu.externaltools.gnu-tools-for-stm32.9-2020-q2-update.macos64_2.0.0.202105311346/tools/bin/../lib/gcc/arm-none-eabi/9.3.1/thumb/v7-m/nofp/libgcc.a

.debug_info     0x0000000000000000     0xd628
 .debug_info    0x0000000000000000      0x76a ./Drivers/STM32F1xx_HAL_Driver/Src/stm32f1xx_hal.o
 .debug_info    0x000000000000076a      0xbdc ./Drivers/STM32F1xx_HAL_Driver/Src/stm32f1xx_hal_cortex.o
 .debug_info    0x0000000000001346      0x701 ./Drivers/STM32F1xx_HAL_Driver/Src/stm32f1xx_hal_gpio.o
 .debug_info    0x0000000000001a47      0x88e ./Drivers/STM32F1xx_HAL_Driver/Src/stm32f1xx_hal_rcc.o
 .debug_info    0x00000000000022d5     0x1322 ./Drivers/STM32F1xx_HAL_Driver/Src/stm32f1xx_hal_uart.o
 .debug_info    0x00000000000035f7     0x1c88 ./Middlewares/Third_Party/FreeRTOS/Source/CMSIS_RTOS/cmsis_os.o
 .debug_info    0x000000000000527f      0xb7c ./Middlewares/Third_Party/FreeRTOS/Source/list.o
 .debug_info    0x0000000000005dfb     0x1e58 ./Middlewares/Third_Party/FreeRTOS/Source/tasks.o
 .debug_info    0x0000000000007c53      0x3d7 ./Middlewares/Third_Party/FreeRTOS/Source/portable/GCC/ARM_CM3/port.o
 .debug_info    0x000000000000802a      0xbd1 ./Middlewares/Third_Party/FreeRTOS/Source/portable/MemMang/heap_4.o
 .debug_info    0x0000000000008bfb     0x14b3 ./Src/main.o
 .debug_info    0x000000000000a0ae       0x26 ./Src/random.o
 .debug_info    0x000000000000a0d4      0xa00 ./Src/stm32f1xx_hal_msp.o
 .debug_info    0x000000000000aad4      0x23b ./Src/stm32f1xx_it.o
 .debug_info    0x000000000000ad0f     0x10b1 ./Src/syscalls.o
 .debug_info    0x000000000000bdc0      0x9b5 ./Src/sysmem.o
 .debug_info    0x000000000000c775      0x2be ./Src/system_stm32f1xx.o
 .debug_info    0x000000000000ca33      0xbd3 ./Src/task.o
 .debug_info    0x000000000000d606       0x22 ./Startup/startup_stm32f103rbtx.o

.debug_abbrev   0x0000000000000000     0x2791
 .debug_abbrev  0x0000000000000000      0x1ed ./Drivers/STM32F1xx_HAL_Driver/Src/stm32f1xx_hal.o
 .debug_abbrev  0x00000000000001ed      0x313 ./Drivers/STM32F1xx_HAL_Driver/Src/stm32f1xx_hal_cortex.o
 .debug_abbrev  0x0000000000000500      0x1e8 ./Drivers/STM32F1xx_HAL_Driver/Src/stm32f1xx_hal_gpio.o
 .debug_abbrev  0x00000000000006e8      0x273 ./Drivers/STM32F1xx_HAL_Driver/Src/stm32f1xx_hal_rcc.o
 .debug_abbrev  0x000000000000095b      0x270 ./Drivers/STM32F1xx_HAL_Driver/Src/stm32f1xx_hal_uart.o
 .debug_abbrev  0x0000000000000bcb      0x3c2 ./Middlewares/Third_Party/FreeRTOS/Source/CMSIS_RTOS/cmsis_os.o
 .debug_abbrev  0x0000000000000f8d      0x1f7 ./Middlewares/Third_Party/FreeRTOS/Source/list.o
 .debug_abbrev  0x0000000000001184      0x380 ./Middlewares/Third_Party/FreeRTOS/Source/tasks.o
 .debug_abbrev  0x0000000000001504      0x21a ./Middlewares/Third_Party/FreeRTOS/Source/portable/GCC/ARM_CM3/port.o
 .debug_abbrev  0x000000000000171e      0x271 ./Middlewares/Third_Party/FreeRTOS/Source/portable/MemMang/heap_4.o
 .debug_abbrev  0x000000000000198f      0x342 ./Src/main.o
 .debug_abbrev  0x0000000000001cd1       0x14 ./Src/random.o
 .debug_abbrev  0x0000000000001ce5      0x1b5 ./Src/stm32f1xx_hal_msp.o
 .debug_abbrev  0x0000000000001e9a       0xd2 ./Src/stm32f1xx_it.o
 .debug_abbrev  0x0000000000001f6c      0x2ba ./Src/syscalls.o
 .debug_abbrev  0x0000000000002226      0x1e3 ./Src/sysmem.o
 .debug_abbrev  0x0000000000002409      0x14e ./Src/system_stm32f1xx.o
 .debug_abbrev  0x0000000000002557      0x228 ./Src/task.o
 .debug_abbrev  0x000000000000277f       0x12 ./Startup/startup_stm32f103rbtx.o

.debug_aranges  0x0000000000000000      0xb88
 .debug_aranges
                0x0000000000000000       0xe0 ./Drivers/STM32F1xx_HAL_Driver/Src/stm32f1xx_hal.o
 .debug_aranges
                0x00000000000000e0      0x100 ./Drivers/STM32F1xx_HAL_Driver/Src/stm32f1xx_hal_cortex.o
 .debug_aranges
                0x00000000000001e0       0x58 ./Drivers/STM32F1xx_HAL_Driver/Src/stm32f1xx_hal_gpio.o
 .debug_aranges
                0x0000000000000238       0x90 ./Drivers/STM32F1xx_HAL_Driver/Src/stm32f1xx_hal_rcc.o
 .debug_aranges
                0x00000000000002c8      0x1d0 ./Drivers/STM32F1xx_HAL_Driver/Src/stm32f1xx_hal_uart.o
 .debug_aranges
                0x0000000000000498      0x1d8 ./Middlewares/Third_Party/FreeRTOS/Source/CMSIS_RTOS/cmsis_os.o
 .debug_aranges
                0x0000000000000670       0x40 ./Middlewares/Third_Party/FreeRTOS/Source/list.o
 .debug_aranges
                0x00000000000006b0      0x1a0 ./Middlewares/Third_Party/FreeRTOS/Source/tasks.o
 .debug_aranges
                0x0000000000000850       0x78 ./Middlewares/Third_Party/FreeRTOS/Source/portable/GCC/ARM_CM3/port.o
 .debug_aranges
                0x00000000000008c8       0x50 ./Middlewares/Third_Party/FreeRTOS/Source/portable/MemMang/heap_4.o
 .debug_aranges
                0x0000000000000918       0x68 ./Src/main.o
 .debug_aranges
                0x0000000000000980       0x20 ./Src/random.o
 .debug_aranges
                0x00000000000009a0       0x30 ./Src/stm32f1xx_hal_msp.o
 .debug_aranges
                0x00000000000009d0       0x58 ./Src/stm32f1xx_it.o
 .debug_aranges
                0x0000000000000a28       0xa8 ./Src/syscalls.o
 .debug_aranges
                0x0000000000000ad0       0x20 ./Src/sysmem.o
 .debug_aranges
                0x0000000000000af0       0x28 ./Src/system_stm32f1xx.o
 .debug_aranges
                0x0000000000000b18       0x48 ./Src/task.o
 .debug_aranges
                0x0000000000000b60       0x28 ./Startup/startup_stm32f103rbtx.o

.debug_ranges   0x0000000000000000      0xa50
 .debug_ranges  0x0000000000000000       0xd0 ./Drivers/STM32F1xx_HAL_Driver/Src/stm32f1xx_hal.o
 .debug_ranges  0x00000000000000d0       0xf0 ./Drivers/STM32F1xx_HAL_Driver/Src/stm32f1xx_hal_cortex.o
 .debug_ranges  0x00000000000001c0       0x48 ./Drivers/STM32F1xx_HAL_Driver/Src/stm32f1xx_hal_gpio.o
 .debug_ranges  0x0000000000000208       0x80 ./Drivers/STM32F1xx_HAL_Driver/Src/stm32f1xx_hal_rcc.o
 .debug_ranges  0x0000000000000288      0x1c0 ./Drivers/STM32F1xx_HAL_Driver/Src/stm32f1xx_hal_uart.o
 .debug_ranges  0x0000000000000448      0x1c8 ./Middlewares/Third_Party/FreeRTOS/Source/CMSIS_RTOS/cmsis_os.o
 .debug_ranges  0x0000000000000610       0x30 ./Middlewares/Third_Party/FreeRTOS/Source/list.o
 .debug_ranges  0x0000000000000640      0x190 ./Middlewares/Third_Party/FreeRTOS/Source/tasks.o
 .debug_ranges  0x00000000000007d0       0x68 ./Middlewares/Third_Party/FreeRTOS/Source/portable/GCC/ARM_CM3/port.o
 .debug_ranges  0x0000000000000838       0x40 ./Middlewares/Third_Party/FreeRTOS/Source/portable/MemMang/heap_4.o
 .debug_ranges  0x0000000000000878       0x58 ./Src/main.o
 .debug_ranges  0x00000000000008d0       0x20 ./Src/stm32f1xx_hal_msp.o
 .debug_ranges  0x00000000000008f0       0x48 ./Src/stm32f1xx_it.o
 .debug_ranges  0x0000000000000938       0x98 ./Src/syscalls.o
 .debug_ranges  0x00000000000009d0       0x10 ./Src/sysmem.o
 .debug_ranges  0x00000000000009e0       0x18 ./Src/system_stm32f1xx.o
 .debug_ranges  0x00000000000009f8       0x38 ./Src/task.o
 .debug_ranges  0x0000000000000a30       0x20 ./Startup/startup_stm32f103rbtx.o

.debug_macro    0x0000000000000000    0x19990
 .debug_macro   0x0000000000000000      0x1b2 ./Drivers/STM32F1xx_HAL_Driver/Src/stm32f1xx_hal.o
 .debug_macro   0x00000000000001b2      0xa9c ./Drivers/STM32F1xx_HAL_Driver/Src/stm32f1xx_hal.o
 .debug_macro   0x0000000000000c4e      0x215 ./Drivers/STM32F1xx_HAL_Driver/Src/stm32f1xx_hal.o
 .debug_macro   0x0000000000000e63       0x2e ./Drivers/STM32F1xx_HAL_Driver/Src/stm32f1xx_hal.o
 .debug_macro   0x0000000000000e91       0x22 ./Drivers/STM32F1xx_HAL_Driver/Src/stm32f1xx_hal.o
 .debug_macro   0x0000000000000eb3       0x22 ./Drivers/STM32F1xx_HAL_Driver/Src/stm32f1xx_hal.o
 .debug_macro   0x0000000000000ed5       0x8e ./Drivers/STM32F1xx_HAL_Driver/Src/stm32f1xx_hal.o
 .debug_macro   0x0000000000000f63       0x51 ./Drivers/STM32F1xx_HAL_Driver/Src/stm32f1xx_hal.o
 .debug_macro   0x0000000000000fb4      0x103 ./Drivers/STM32F1xx_HAL_Driver/Src/stm32f1xx_hal.o
 .debug_macro   0x00000000000010b7       0x6a ./Drivers/STM32F1xx_HAL_Driver/Src/stm32f1xx_hal.o
 .debug_macro   0x0000000000001121      0x1df ./Drivers/STM32F1xx_HAL_Driver/Src/stm32f1xx_hal.o
 .debug_macro   0x0000000000001300       0x1c ./Drivers/STM32F1xx_HAL_Driver/Src/stm32f1xx_hal.o
 .debug_macro   0x000000000000131c       0x22 ./Drivers/STM32F1xx_HAL_Driver/Src/stm32f1xx_hal.o
 .debug_macro   0x000000000000133e       0xc3 ./Drivers/STM32F1xx_HAL_Driver/Src/stm32f1xx_hal.o
 .debug_macro   0x0000000000001401      0xd23 ./Drivers/STM32F1xx_HAL_Driver/Src/stm32f1xx_hal.o
 .debug_macro   0x0000000000002124     0xe097 ./Drivers/STM32F1xx_HAL_Driver/Src/stm32f1xx_hal.o
 .debug_macro   0x00000000000101bb       0x43 ./Drivers/STM32F1xx_HAL_Driver/Src/stm32f1xx_hal.o
 .debug_macro   0x00000000000101fe     0x3468 ./Drivers/STM32F1xx_HAL_Driver/Src/stm32f1xx_hal.o
 .debug_macro   0x0000000000013666      0x174 ./Drivers/STM32F1xx_HAL_Driver/Src/stm32f1xx_hal.o
 .debug_macro   0x00000000000137da       0x5c ./Drivers/STM32F1xx_HAL_Driver/Src/stm32f1xx_hal.o
 .debug_macro   0x0000000000013836      0x5be ./Drivers/STM32F1xx_HAL_Driver/Src/stm32f1xx_hal.o
 .debug_macro   0x0000000000013df4      0x289 ./Drivers/STM32F1xx_HAL_Driver/Src/stm32f1xx_hal.o
 .debug_macro   0x000000000001407d      0x1cb ./Drivers/STM32F1xx_HAL_Driver/Src/stm32f1xx_hal.o
 .debug_macro   0x0000000000014248      0x114 ./Drivers/STM32F1xx_HAL_Driver/Src/stm32f1xx_hal.o
 .debug_macro   0x000000000001435c      0x1b2 ./Drivers/STM32F1xx_HAL_Driver/Src/stm32f1xx_hal.o
 .debug_macro   0x000000000001450e       0x27 ./Drivers/STM32F1xx_HAL_Driver/Src/stm32f1xx_hal.o
 .debug_macro   0x0000000000014535      0x136 ./Drivers/STM32F1xx_HAL_Driver/Src/stm32f1xx_hal.o
 .debug_macro   0x000000000001466b      0x1bc ./Drivers/STM32F1xx_HAL_Driver/Src/stm32f1xx_hal.o
 .debug_macro   0x0000000000014827       0x34 ./Drivers/STM32F1xx_HAL_Driver/Src/stm32f1xx_hal.o
 .debug_macro   0x000000000001485b       0x3c ./Drivers/STM32F1xx_HAL_Driver/Src/stm32f1xx_hal.o
 .debug_macro   0x0000000000014897       0x57 ./Drivers/STM32F1xx_HAL_Driver/Src/stm32f1xx_hal.o
 .debug_macro   0x00000000000148ee       0x88 ./Drivers/STM32F1xx_HAL_Driver/Src/stm32f1xx_hal.o
 .debug_macro   0x0000000000014976      0x241 ./Drivers/STM32F1xx_HAL_Driver/Src/stm32f1xx_hal.o
 .debug_macro   0x0000000000014bb7      0x141 ./Drivers/STM32F1xx_HAL_Driver/Src/stm32f1xx_hal.o
 .debug_macro   0x0000000000014cf8      0x26b ./Drivers/STM32F1xx_HAL_Driver/Src/stm32f1xx_hal.o
 .debug_macro   0x0000000000014f63       0x83 ./Drivers/STM32F1xx_HAL_Driver/Src/stm32f1xx_hal.o
 .debug_macro   0x0000000000014fe6      0x18e ./Drivers/STM32F1xx_HAL_Driver/Src/stm32f1xx_hal_cortex.o
 .debug_macro   0x0000000000015174      0x1f9 ./Drivers/STM32F1xx_HAL_Driver/Src/stm32f1xx_hal_gpio.o
 .debug_macro   0x000000000001536d      0x1a0 ./Drivers/STM32F1xx_HAL_Driver/Src/stm32f1xx_hal_rcc.o
 .debug_macro   0x000000000001550d      0x18f ./Drivers/STM32F1xx_HAL_Driver/Src/stm32f1xx_hal_uart.o
 .debug_macro   0x000000000001569c      0x20d ./Middlewares/Third_Party/FreeRTOS/Source/CMSIS_RTOS/cmsis_os.o
 .debug_macro   0x00000000000158a9       0x4c ./Middlewares/Third_Party/FreeRTOS/Source/CMSIS_RTOS/cmsis_os.o
 .debug_macro   0x00000000000158f5       0x18 ./Middlewares/Third_Party/FreeRTOS/Source/CMSIS_RTOS/cmsis_os.o
 .debug_macro   0x000000000001590d       0x94 ./Middlewares/Third_Party/FreeRTOS/Source/CMSIS_RTOS/cmsis_os.o
 .debug_macro   0x00000000000159a1       0x3c ./Middlewares/Third_Party/FreeRTOS/Source/CMSIS_RTOS/cmsis_os.o
 .debug_macro   0x00000000000159dd       0x34 ./Middlewares/Third_Party/FreeRTOS/Source/CMSIS_RTOS/cmsis_os.o
 .debug_macro   0x0000000000015a11       0x16 ./Middlewares/Third_Party/FreeRTOS/Source/CMSIS_RTOS/cmsis_os.o
 .debug_macro   0x0000000000015a27       0x43 ./Middlewares/Third_Party/FreeRTOS/Source/CMSIS_RTOS/cmsis_os.o
 .debug_macro   0x0000000000015a6a       0x57 ./Middlewares/Third_Party/FreeRTOS/Source/CMSIS_RTOS/cmsis_os.o
 .debug_macro   0x0000000000015ac1       0x34 ./Middlewares/Third_Party/FreeRTOS/Source/CMSIS_RTOS/cmsis_os.o
 .debug_macro   0x0000000000015af5       0x10 ./Middlewares/Third_Party/FreeRTOS/Source/CMSIS_RTOS/cmsis_os.o
 .debug_macro   0x0000000000015b05       0x58 ./Middlewares/Third_Party/FreeRTOS/Source/CMSIS_RTOS/cmsis_os.o
 .debug_macro   0x0000000000015b5d       0x71 ./Middlewares/Third_Party/FreeRTOS/Source/CMSIS_RTOS/cmsis_os.o
 .debug_macro   0x0000000000015bce       0x1c ./Middlewares/Third_Party/FreeRTOS/Source/CMSIS_RTOS/cmsis_os.o
 .debug_macro   0x0000000000015bea      0x12a ./Middlewares/Third_Party/FreeRTOS/Source/CMSIS_RTOS/cmsis_os.o
 .debug_macro   0x0000000000015d14      0x339 ./Middlewares/Third_Party/FreeRTOS/Source/CMSIS_RTOS/cmsis_os.o
 .debug_macro   0x000000000001604d       0x10 ./Middlewares/Third_Party/FreeRTOS/Source/CMSIS_RTOS/cmsis_os.o
 .debug_macro   0x000000000001605d       0x35 ./Middlewares/Third_Party/FreeRTOS/Source/CMSIS_RTOS/cmsis_os.o
 .debug_macro   0x0000000000016092       0x20 ./Middlewares/Third_Party/FreeRTOS/Source/CMSIS_RTOS/cmsis_os.o
 .debug_macro   0x00000000000160b2       0xdc ./Middlewares/Third_Party/FreeRTOS/Source/CMSIS_RTOS/cmsis_os.o
 .debug_macro   0x000000000001618e       0x10 ./Middlewares/Third_Party/FreeRTOS/Source/CMSIS_RTOS/cmsis_os.o
 .debug_macro   0x000000000001619e      0x15a ./Middlewares/Third_Party/FreeRTOS/Source/CMSIS_RTOS/cmsis_os.o
 .debug_macro   0x00000000000162f8       0xd7 ./Middlewares/Third_Party/FreeRTOS/Source/CMSIS_RTOS/cmsis_os.o
 .debug_macro   0x00000000000163cf       0x10 ./Middlewares/Third_Party/FreeRTOS/Source/CMSIS_RTOS/cmsis_os.o
 .debug_macro   0x00000000000163df       0x1f ./Middlewares/Third_Party/FreeRTOS/Source/CMSIS_RTOS/cmsis_os.o
 .debug_macro   0x00000000000163fe      0x4b0 ./Middlewares/Third_Party/FreeRTOS/Source/CMSIS_RTOS/cmsis_os.o
 .debug_macro   0x00000000000168ae       0xb5 ./Middlewares/Third_Party/FreeRTOS/Source/CMSIS_RTOS/cmsis_os.o
 .debug_macro   0x0000000000016963       0x8c ./Middlewares/Third_Party/FreeRTOS/Source/CMSIS_RTOS/cmsis_os.o
 .debug_macro   0x00000000000169ef       0x91 ./Middlewares/Third_Party/FreeRTOS/Source/CMSIS_RTOS/cmsis_os.o
 .debug_macro   0x0000000000016a80       0x86 ./Middlewares/Third_Party/FreeRTOS/Source/CMSIS_RTOS/cmsis_os.o
 .debug_macro   0x0000000000016b06       0x7e ./Middlewares/Third_Party/FreeRTOS/Source/CMSIS_RTOS/cmsis_os.o
 .debug_macro   0x0000000000016b84       0x19 ./Middlewares/Third_Party/FreeRTOS/Source/CMSIS_RTOS/cmsis_os.o
 .debug_macro   0x0000000000016b9d       0xcf ./Middlewares/Third_Party/FreeRTOS/Source/CMSIS_RTOS/cmsis_os.o
 .debug_macro   0x0000000000016c6c       0xab ./Middlewares/Third_Party/FreeRTOS/Source/CMSIS_RTOS/cmsis_os.o
 .debug_macro   0x0000000000016d17      0x196 ./Middlewares/Third_Party/FreeRTOS/Source/list.o
 .debug_macro   0x0000000000016ead      0x28f ./Middlewares/Third_Party/FreeRTOS/Source/tasks.o
 .debug_macro   0x000000000001713c       0x10 ./Middlewares/Third_Party/FreeRTOS/Source/tasks.o
 .debug_macro   0x000000000001714c      0x181 ./Middlewares/Third_Party/FreeRTOS/Source/portable/GCC/ARM_CM3/port.o
 .debug_macro   0x00000000000172cd      0x1bd ./Middlewares/Third_Party/FreeRTOS/Source/portable/MemMang/heap_4.o
 .debug_macro   0x000000000001748a      0x3be ./Src/main.o
 .debug_macro   0x0000000000017848       0x5e ./Src/main.o
 .debug_macro   0x00000000000178a6       0xdc ./Src/main.o
 .debug_macro   0x0000000000017982       0x16 ./Src/main.o
 .debug_macro   0x0000000000017998      0x333 ./Src/main.o
 .debug_macro   0x0000000000017ccb       0x10 ./Src/main.o
 .debug_macro   0x0000000000017cdb       0x10 ./Src/main.o
 .debug_macro   0x0000000000017ceb       0x1c ./Src/main.o
 .debug_macro   0x0000000000017d07       0x52 ./Src/main.o
 .debug_macro   0x0000000000017d59       0x22 ./Src/main.o
 .debug_macro   0x0000000000017d7b       0x10 ./Src/main.o
 .debug_macro   0x0000000000017d8b       0x40 ./Src/main.o
 .debug_macro   0x0000000000017dcb       0xd5 ./Src/main.o
 .debug_macro   0x0000000000017ea0       0x1c ./Src/main.o
 .debug_macro   0x0000000000017ebc       0x3d ./Src/main.o
 .debug_macro   0x0000000000017ef9       0x16 ./Src/main.o
 .debug_macro   0x0000000000017f0f      0x145 ./Src/main.o
 .debug_macro   0x0000000000018054      0x19d ./Src/stm32f1xx_hal_msp.o
 .debug_macro   0x00000000000181f1      0x21e ./Src/stm32f1xx_it.o
 .debug_macro   0x000000000001840f      0x465 ./Src/syscalls.o
 .debug_macro   0x0000000000018874       0x10 ./Src/syscalls.o
 .debug_macro   0x0000000000018884       0x10 ./Src/syscalls.o